Archive member included to satisfy reference by file (symbol)

C:\Senior-Design\Cymote\Cymote2\Cymote2\src\ASF\thirdparty\wireless\ble_smart_sdk\lib\cm0\gcc\libblusdk.a(event.o)
                              src/ASF/thirdparty/wireless/ble_smart_sdk/ble_services/ble_mgr/ble_manager.o (at_ble_event_get)
C:\Senior-Design\Cymote\Cymote2\Cymote2\src\ASF\thirdparty\wireless\ble_smart_sdk\lib\cm0\gcc\libblusdk.a(gap.o)
                              src/ASF/thirdparty/wireless/ble_smart_sdk/ble_services/ble_mgr/ble_manager.o (at_ble_device_name_set)
C:\Senior-Design\Cymote\Cymote2\Cymote2\src\ASF\thirdparty\wireless\ble_smart_sdk\lib\cm0\gcc\libblusdk.a(gatt_client.o)
                              C:\Senior-Design\Cymote\Cymote2\Cymote2\src\ASF\thirdparty\wireless\ble_smart_sdk\lib\cm0\gcc\libblusdk.a(gap.o) (init_gatt_client_module)
C:\Senior-Design\Cymote\Cymote2\Cymote2\src\ASF\thirdparty\wireless\ble_smart_sdk\lib\cm0\gcc\libblusdk.a(gatt_server.o)
                              C:\Senior-Design\Cymote\Cymote2\Cymote2\src\ASF\thirdparty\wireless\ble_smart_sdk\lib\cm0\gcc\libblusdk.a(gap.o) (initi_gatt_server_module)
C:\Senior-Design\Cymote\Cymote2\Cymote2\src\ASF\thirdparty\wireless\ble_smart_sdk\lib\cm0\gcc\libblusdk.a(l2cc_task.o)
                              C:\Senior-Design\Cymote\Cymote2\Cymote2\src\ASF\thirdparty\wireless\ble_smart_sdk\lib\cm0\gcc\libblusdk.a(gap.o) (init_l2cc_task_module)
C:\Senior-Design\Cymote\Cymote2\Cymote2\src\ASF\thirdparty\wireless\ble_smart_sdk\lib\cm0\gcc\libblusdk.a(security.o)
                              src/ASF/thirdparty/wireless/ble_smart_sdk/ble_services/ble_mgr/ble_manager.o (at_ble_authenticate)
C:\Senior-Design\Cymote\Cymote2\Cymote2\src\ASF\thirdparty\wireless\ble_smart_sdk\lib\cm0\gcc\libblusdk.a(interface.o)
                              C:\Senior-Design\Cymote\Cymote2\Cymote2\src\ASF\thirdparty\wireless\ble_smart_sdk\lib\cm0\gcc\libblusdk.a(gap.o) (rx_callback)
C:\Senior-Design\Cymote\Cymote2\Cymote2\src\ASF\thirdparty\wireless\ble_smart_sdk\lib\cm0\gcc\libblusdk.a(calib_task.o)
                              C:\Senior-Design\Cymote\Cymote2\Cymote2\src\ASF\thirdparty\wireless\ble_smart_sdk\lib\cm0\gcc\libblusdk.a(gap.o) (calib_config)
C:\Senior-Design\Cymote\Cymote2\Cymote2\src\ASF\thirdparty\wireless\ble_smart_sdk\lib\cm0\gcc\libblusdk.a(dbg_task.o)
                              C:\Senior-Design\Cymote\Cymote2\Cymote2\src\ASF\thirdparty\wireless\ble_smart_sdk\lib\cm0\gcc\libblusdk.a(gap.o) (dbg_le_set_bd_addr_req_handler)
C:\Senior-Design\Cymote\Cymote2\Cymote2\src\ASF\thirdparty\wireless\ble_smart_sdk\lib\cm0\gcc\libblusdk.a(gapc_task.o)
                              C:\Senior-Design\Cymote\Cymote2\Cymote2\src\ASF\thirdparty\wireless\ble_smart_sdk\lib\cm0\gcc\libblusdk.a(security.o) (check_ConnData_idx_role)
C:\Senior-Design\Cymote\Cymote2\Cymote2\src\ASF\thirdparty\wireless\ble_smart_sdk\lib\cm0\gcc\libblusdk.a(gapm_task.o)
                              C:\Senior-Design\Cymote\Cymote2\Cymote2\src\ASF\thirdparty\wireless\ble_smart_sdk\lib\cm0\gcc\libblusdk.a(gap.o) (gapm_reset_req_handler)
C:\Senior-Design\Cymote\Cymote2\Cymote2\src\ASF\thirdparty\wireless\ble_smart_sdk\lib\cm0\gcc\libblusdk.a(gattc_task.o)
                              C:\Senior-Design\Cymote\Cymote2\Cymote2\src\ASF\thirdparty\wireless\ble_smart_sdk\lib\cm0\gcc\libblusdk.a(gatt_server.o) (gattc_read_req_ind_parser)
C:\Senior-Design\Cymote\Cymote2\Cymote2\src\ASF\thirdparty\wireless\ble_smart_sdk\lib\cm0\gcc\libblusdk.a(gattm_task.o)
                              C:\Senior-Design\Cymote\Cymote2\Cymote2\src\ASF\thirdparty\wireless\ble_smart_sdk\lib\cm0\gcc\libblusdk.a(gatt_server.o) (gattm_add_svc_req_handler)
C:\Senior-Design\Cymote\Cymote2\Cymote2\src\ASF\thirdparty\wireless\ble_smart_sdk\lib\cm0\gcc\libblusdk.a(htpt_task.o)
                              C:\Senior-Design\Cymote\Cymote2\Cymote2\src\ASF\thirdparty\wireless\ble_smart_sdk\lib\cm0\gcc\libblusdk.a(event.o) (htpt_enable_rsp_handler)
c:/program files (x86)/atmel/studio/7.0/toolchain/arm/arm-gnu-toolchain/bin/../lib/gcc/arm-none-eabi/5.3.1/armv6-m\libgcc.a(_thumb1_case_sqi.o)
                              C:\Senior-Design\Cymote\Cymote2\Cymote2\src\ASF\thirdparty\wireless\ble_smart_sdk\lib\cm0\gcc\libblusdk.a(gap.o) (__gnu_thumb1_case_sqi)
c:/program files (x86)/atmel/studio/7.0/toolchain/arm/arm-gnu-toolchain/bin/../lib/gcc/arm-none-eabi/5.3.1/armv6-m\libgcc.a(_thumb1_case_uqi.o)
                              src/ASF/sam0/drivers/adc/adc_sam_b/adc_sam_b.o (__gnu_thumb1_case_uqi)
c:/program files (x86)/atmel/studio/7.0/toolchain/arm/arm-gnu-toolchain/bin/../lib/gcc/arm-none-eabi/5.3.1/armv6-m\libgcc.a(_thumb1_case_uhi.o)
                              src/ASF/sam0/drivers/system/system_sam_b.o (__gnu_thumb1_case_uhi)
c:/program files (x86)/atmel/studio/7.0/toolchain/arm/arm-gnu-toolchain/bin/../lib/gcc/arm-none-eabi/5.3.1/armv6-m\libgcc.a(_udivsi3.o)
                              src/ASF/sam0/drivers/uart/uart.o (__aeabi_uidiv)
[...]
Memory Configuration

Name             Origin             Length             Attributes
ram              0x10008000         0x00017800         xrw
lram             0x1001f800         0x00000800         xrw
*default*        0x00000000         0xffffffff

Linker script and memory map

LOAD c:/program files (x86)/atmel/studio/7.0/toolchain/arm/arm-gnu-toolchain/bin/../lib/gcc/arm-none-eabi/5.3.1/armv6-m/crti.o
LOAD c:/program files (x86)/atmel/studio/7.0/toolchain/arm/arm-gnu-toolchain/bin/../lib/gcc/arm-none-eabi/5.3.1/armv6-m/crtbegin.o
LOAD c:/program files (x86)/atmel/studio/7.0/toolchain/arm/arm-gnu-toolchain/bin/../lib/gcc/arm-none-eabi/5.3.1/../../../../arm-none-eabi/lib/armv6-m/crt0.o
LOAD src/ADC_GPIO.o
LOAD src/ASF/sam0/drivers/adc/adc_sam_b/adc_sam_b.o
LOAD src/ASF/sam0/drivers/pwm/pwm.o
LOAD src/ASF/sam0/drivers/timer/timer.o
LOAD src/ASF/common/utils/interrupt/interrupt_sam_nvic.o
LOAD src/ASF/sam0/boards/samb11_xplained_pro/board_init.o
LOAD src/ASF/sam0/drivers/dualtimer/dualtimer.o
LOAD src/ASF/sam0/drivers/gpio/gpio.o
LOAD src/ASF/sam0/drivers/system/system_sam_b.o
LOAD src/ASF/sam0/drivers/uart/uart.o
LOAD src/ASF/sam0/utils/cmsis/samb11/source/gcc/startup_samb11.o
LOAD src/ASF/sam0/utils/cmsis/samb11/source/system_samb11.o
LOAD src/ASF/sam0/utils/stdio/read.o
LOAD src/ASF/sam0/utils/stdio/write.o
LOAD src/ASF/sam0/utils/syscalls/gcc/syscalls.o
LOAD src/ASF/thirdparty/wireless/ble_smart_sdk/ble_services/ble_mgr/ble_manager.o
LOAD src/ASF/thirdparty/wireless/ble_smart_sdk/services/dualtimer/timer_hw.o
LOAD src/ASF/thirdparty/wireless/ble_smart_sdk/services/gpio/button.o
LOAD src/ASF/thirdparty/wireless/ble_smart_sdk/services/gpio/led.o
LOAD src/ASF/thirdparty/wireless/ble_smart_sdk/services/uart/console_serial.o
LOAD src/ASF/thirdparty/wireless/ble_smart_sdk/src/event_handler.o
LOAD src/ASF/thirdparty/wireless/ble_smart_sdk/src/platform_drv.o
LOAD src/ASF/thirdparty/wireless/ble_smart_sdk/src/port_from_sdk.o
LOAD src/BLE.o
LOAD src/Buttons.o
LOAD src/LED.o
LOAD src/LSM9DS0.o
LOAD src/LSM9DS1.o
LOAD src/main_sam_b.o
START GROUP
LOAD C:\Senior-Design\Cymote\Cymote2\Cymote2\src\ASF\thirdparty\wireless\ble_smart_sdk\lib\cm0\gcc\libblusdk.a
LOAD ../src/ASF/thirdparty/CMSIS/Lib/GCC\libarm_cortexM0l_math.a
LOAD c:/program files (x86)/atmel/studio/7.0/toolchain/arm/arm-gnu-toolchain/bin/../lib/gcc/arm-none-eabi/5.3.1/../../../../arm-none-eabi/lib/armv6-m\libm.a
LOAD C:\Senior-Design\Cymote\Cymote2\Cymote2\src\ASF\thirdparty\wireless\ble_smart_sdk\lib\cm0\gcc\libblusdk.a
END GROUP
START GROUP
LOAD c:/program files (x86)/atmel/studio/7.0/toolchain/arm/arm-gnu-toolchain/bin/../lib/gcc/arm-none-eabi/5.3.1/armv6-m\libgcc.a
LOAD c:/program files (x86)/atmel/studio/7.0/toolchain/arm/arm-gnu-toolchain/bin/../lib/gcc/arm-none-eabi/5.3.1/../../../../arm-none-eabi/lib/armv6-m\libc_nano.a
END GROUP
START GROUP
LOAD c:/program files (x86)/atmel/studio/7.0/toolchain/arm/arm-gnu-toolchain/bin/../lib/gcc/arm-none-eabi/5.3.1/armv6-m\libgcc.a
LOAD c:/program files (x86)/atmel/studio/7.0/toolchain/arm/arm-gnu-toolchain/bin/../lib/gcc/arm-none-eabi/5.3.1/../../../../arm-none-eabi/lib/armv6-m\libc_nano.a
END GROUP
LOAD c:/program files (x86)/atmel/studio/7.0/toolchain/arm/arm-gnu-toolchain/bin/../lib/gcc/arm-none-eabi/5.3.1/armv6-m/crtend.o
LOAD c:/program files (x86)/atmel/studio/7.0/toolchain/arm/arm-gnu-toolchain/bin/../lib/gcc/arm-none-eabi/5.3.1/armv6-m/crtn.o
                0x00000800                STACK_SIZE = DEFINED (STACK_SIZE)?STACK_SIZE:DEFINED (__stack_size__)?__stack_size__:0x800

.text           0x10008000     0xa380
                0x10008000                . = ALIGN (0x4)
                0x10008000                _sfixed = .
 *(.test.main .text.app_entry)
 .text.app_entry
                0x10008000       0x54 src/ASF/sam0/utils/cmsis/samb11/source/gcc/startup_samb11.o
                0x10008000                app_entry
 *(.text .text.* .gnu.linkonce.t.*)
 .text          0x10008054       0x60 c:/program files (x86)/atmel/studio/7.0/toolchain/arm/arm-gnu-toolchain/bin/../lib/gcc/arm-none-eabi/5.3.1/armv6-m/crtbegin.o
 .text.configure_adc_4
                0x100080b4       0x28 src/ADC_GPIO.o
                0x100080b4                configure_adc_4
 .text.configure_adc_3
                0x100080dc       0x28 src/ADC_GPIO.o
                0x100080dc                configure_adc_3
 .text.configure_gpio_pins
                0x10008104       0x98 src/ADC_GPIO.o
                0x10008104                configure_gpio_pins
 .text._adc_gpio_ms_enable
                0x1000819c       0x34 src/ASF/sam0/drivers/adc/adc_sam_b/adc_sam_b.o
 .text.adc_get_config_defaults
                0x100081d0       0x1e src/ASF/sam0/drivers/adc/adc_sam_b/adc_sam_b.o
                0x100081d0                adc_get_config_defaults
 *fill*         0x100081ee        0x2 
 .text.adc_init
                0x100081f0       0xf0 src/ASF/sam0/drivers/adc/adc_sam_b/adc_sam_b.o
                0x100081f0                adc_init
 .text.adc_enable
                0x100082e0       0x2c src/ASF/sam0/drivers/adc/adc_sam_b/adc_sam_b.o
                0x100082e0                adc_enable
 .text.adc_read
                0x1000830c       0x40 src/ASF/sam0/drivers/adc/adc_sam_b/adc_sam_b.o
                0x1000830c                adc_read
 .text.dualtimer_isr_handler
                0x1000834c       0x48 src/ASF/sam0/drivers/dualtimer/dualtimer.o
 .text.dualtimer_get_config_defaults
                0x10008394       0x22 src/ASF/sam0/drivers/dualtimer/dualtimer.o
                0x10008394                dualtimer_get_config_defaults
 *fill*         0x100083b6        0x2 
 .text.dualtimer_set_counter
                0x100083b8       0x24 src/ASF/sam0/drivers/dualtimer/dualtimer.o
                0x100083b8                dualtimer_set_counter
 .text.dualtimer_enable
                0x100083dc       0x28 src/ASF/sam0/drivers/dualtimer/dualtimer.o
                0x100083dc                dualtimer_enable
 .text.dualtimer_disable
                0x10008404       0x24 src/ASF/sam0/drivers/dualtimer/dualtimer.o
                0x10008404                dualtimer_disable
 .text.dualtimer_init
                0x10008428      0x10c src/ASF/sam0/drivers/dualtimer/dualtimer.o
                0x10008428                dualtimer_init
 .text.dualtimer_register_callback
                0x10008534       0x14 src/ASF/sam0/drivers/dualtimer/dualtimer.o
                0x10008534                dualtimer_register_callback
 .text.gpio_port0_isr_handler
                0x10008548       0x58 src/ASF/sam0/drivers/gpio/gpio.o
 .text.gpio_port1_isr_handler
                0x100085a0       0x70 src/ASF/sam0/drivers/gpio/gpio.o
 .text.gpio_port2_isr_handler
                0x10008610       0x7c src/ASF/sam0/drivers/gpio/gpio.o
 .text.gpio_get_config_defaults
                0x1000868c        0xe src/ASF/sam0/drivers/gpio/gpio.o
                0x1000868c                gpio_get_config_defaults
 *fill*         0x1000869a        0x2 
 .text.gpio_pin_set_config
                0x1000869c      0x184 src/ASF/sam0/drivers/gpio/gpio.o
                0x1000869c                gpio_pin_set_config
 .text.gpio_pin_get_input_level
                0x10008820       0x3c src/ASF/sam0/drivers/gpio/gpio.o
                0x10008820                gpio_pin_get_input_level
 .text.gpio_pin_set_output_level
                0x1000885c       0x4c src/ASF/sam0/drivers/gpio/gpio.o
                0x1000885c                gpio_pin_set_output_level
 .text.gpio_pinmux_cofiguration
                0x100088a8       0xd8 src/ASF/sam0/drivers/gpio/gpio.o
                0x100088a8                gpio_pinmux_cofiguration
 .text.gpio_register_callback
                0x10008980       0x98 src/ASF/sam0/drivers/gpio/gpio.o
                0x10008980                gpio_register_callback
 .text.gpio_enable_callback
                0x10008a18       0x4c src/ASF/sam0/drivers/gpio/gpio.o
                0x10008a18                gpio_enable_callback
 .text.gpio_disable_callback
                0x10008a64       0x38 src/ASF/sam0/drivers/gpio/gpio.o
                0x10008a64                gpio_disable_callback
 .text.gpio_init
                0x10008a9c       0x6c src/ASF/sam0/drivers/gpio/gpio.o
                0x10008a9c                gpio_init
 .text.system_clock_config
                0x10008b08       0x78 src/ASF/sam0/drivers/system/system_sam_b.o
                0x10008b08                system_clock_config
 .text.system_clock_get_value
                0x10008b80        0xc src/ASF/sam0/drivers/system/system_sam_b.o
                0x10008b80                system_clock_get_value
 .text.system_clock_peripheral_enable
                0x10008b8c      0x1e8 src/ASF/sam0/drivers/system/system_sam_b.o
                0x10008b8c                system_clock_peripheral_enable
 .text.system_peripheral_reset
                0x10008d74      0x388 src/ASF/sam0/drivers/system/system_sam_b.o
                0x10008d74                system_peripheral_reset
 .text.system_register_isr
                0x100090fc        0xc src/ASF/sam0/drivers/system/system_sam_b.o
                0x100090fc                system_register_isr
 .text.uart_rx0_isr_handler
                0x10009108       0x8c src/ASF/sam0/drivers/uart/uart.o
 .text.uart_tx1_isr_handler
                0x10009194       0x8c src/ASF/sam0/drivers/uart/uart.o
 .text.uart_rx1_isr_handler
                0x10009220       0x8c src/ASF/sam0/drivers/uart/uart.o
 .text.uart_tx0_isr_handler
                0x100092ac       0x8c src/ASF/sam0/drivers/uart/uart.o
 .text.uart_get_config_defaults
                0x10009338       0x2a src/ASF/sam0/drivers/uart/uart.o
                0x10009338                uart_get_config_defaults
 *fill*         0x10009362        0x2 
 .text.uart_init
                0x10009364      0x17c src/ASF/sam0/drivers/uart/uart.o
                0x10009364                uart_init
 .text.uart_write_wait
                0x100094e0       0x10 src/ASF/sam0/drivers/uart/uart.o
                0x100094e0                uart_write_wait
 .text.uart_read_wait
                0x100094f0       0x12 src/ASF/sam0/drivers/uart/uart.o
                0x100094f0                uart_read_wait
 .text.uart_read_buffer_job
                0x10009502       0x26 src/ASF/sam0/drivers/uart/uart.o
                0x10009502                uart_read_buffer_job
 .text.uart_register_callback
                0x10009528       0x14 src/ASF/sam0/drivers/uart/uart.o
                0x10009528                uart_register_callback
 .text.uart_enable_callback
                0x1000953c       0x1e src/ASF/sam0/drivers/uart/uart.o
                0x1000953c                uart_enable_callback
 .text.uart_disable_callback
                0x1000955a       0x1e src/ASF/sam0/drivers/uart/uart.o
                0x1000955a                uart_disable_callback
 .text._read    0x10009578       0x38 src/ASF/sam0/utils/stdio/read.o
                0x10009578                _read
 .text._write   0x100095b0       0x34 src/ASF/sam0/utils/stdio/write.o
                0x100095b0                _write
 .text._sbrk    0x100095e4       0x20 src/ASF/sam0/utils/syscalls/gcc/syscalls.o
                0x100095e4                _sbrk
 .text._close   0x10009604        0x6 src/ASF/sam0/utils/syscalls/gcc/syscalls.o
                0x10009604                _close
 .text._fstat   0x1000960a        0xa src/ASF/sam0/utils/syscalls/gcc/syscalls.o
                0x1000960a                _fstat
 .text._isatty  0x10009614        0x4 src/ASF/sam0/utils/syscalls/gcc/syscalls.o
                0x10009614                _isatty
 .text._lseek   0x10009618        0x4 src/ASF/sam0/utils/syscalls/gcc/syscalls.o
                0x10009618                _lseek
 .text.ble_characteristic_write_cmd_complete_handler
                0x1000961c        0xa src/ASF/thirdparty/wireless/ble_smart_sdk/ble_services/ble_mgr/ble_manager.o
                0x1000961c                ble_characteristic_write_cmd_complete_handler
 .text.ble_conn_param_update
                0x10009626        0x4 src/ASF/thirdparty/wireless/ble_smart_sdk/ble_services/ble_mgr/ble_manager.o
                0x10009626                ble_conn_param_update
 *fill*         0x1000962a        0x2 
 .text.ble_disconnected_state_handler
                0x1000962c       0x90 src/ASF/thirdparty/wireless/ble_smart_sdk/ble_services/ble_mgr/ble_manager.o
                0x1000962c                ble_disconnected_state_handler
 .text.ble_pair_done_handler
                0x100096bc       0xfc src/ASF/thirdparty/wireless/ble_smart_sdk/ble_services/ble_mgr/ble_manager.o
                0x100096bc                ble_pair_done_handler
 .text.ble_conn_param_update_req
                0x100097b8       0x18 src/ASF/thirdparty/wireless/ble_smart_sdk/ble_services/ble_mgr/ble_manager.o
                0x100097b8                ble_conn_param_update_req
 .text.ble_slave_security_request_handler
                0x100097d0      0x19c src/ASF/thirdparty/wireless/ble_smart_sdk/ble_services/ble_mgr/ble_manager.o
                0x100097d0                ble_slave_security_request_handler
 .text.ble_pair_request_handler
                0x1000996c      0x118 src/ASF/thirdparty/wireless/ble_smart_sdk/ble_services/ble_mgr/ble_manager.o
                0x1000996c                ble_pair_request_handler
 .text.ble_pair_key_request_handler
                0x10009a84      0x150 src/ASF/thirdparty/wireless/ble_smart_sdk/ble_services/ble_mgr/ble_manager.o
                0x10009a84                ble_pair_key_request_handler
 .text.ble_encryption_request_handler
                0x10009bd4       0xd0 src/ASF/thirdparty/wireless/ble_smart_sdk/ble_services/ble_mgr/ble_manager.o
                0x10009bd4                ble_encryption_request_handler
 .text.ble_scan_report_handler
                0x10009ca4       0x28 src/ASF/thirdparty/wireless/ble_smart_sdk/ble_services/ble_mgr/ble_manager.o
                0x10009ca4                ble_scan_report_handler
 .text.ble_mtu_changed_cmd_complete_handler
                0x10009ccc       0x30 src/ASF/thirdparty/wireless/ble_smart_sdk/ble_services/ble_mgr/ble_manager.o
                0x10009ccc                ble_mtu_changed_cmd_complete_handler
 .text.ble_encryption_status_change_handler
                0x10009cfc       0xa8 src/ASF/thirdparty/wireless/ble_smart_sdk/ble_services/ble_mgr/ble_manager.o
                0x10009cfc                ble_encryption_status_change_handler
 .text.ble_scan_info_handler
                0x10009da4       0x70 src/ASF/thirdparty/wireless/ble_smart_sdk/ble_services/ble_mgr/ble_manager.o
                0x10009da4                ble_scan_info_handler
 .text.ble_connected_state_handler
                0x10009e14      0x1b4 src/ASF/thirdparty/wireless/ble_smart_sdk/ble_services/ble_mgr/ble_manager.o
                0x10009e14                ble_connected_state_handler
 .text.ble_resolv_rand_addr_handler
                0x10009fc8       0x98 src/ASF/thirdparty/wireless/ble_smart_sdk/ble_services/ble_mgr/ble_manager.o
                0x10009fc8                ble_resolv_rand_addr_handler
 .text.ble_mtu_changed_indication_handler
                0x1000a060        0x4 src/ASF/thirdparty/wireless/ble_smart_sdk/ble_services/ble_mgr/ble_manager.o
                0x1000a060                ble_mtu_changed_indication_handler
 .text.ble_undefined_event_handler
                0x1000a064        0x4 src/ASF/thirdparty/wireless/ble_smart_sdk/ble_services/ble_mgr/ble_manager.o
                0x1000a064                ble_undefined_event_handler
 .text.ble_mgr_events_callback_handler
                0x1000a068       0x64 src/ASF/thirdparty/wireless/ble_smart_sdk/ble_services/ble_mgr/ble_manager.o
                0x1000a068                ble_mgr_events_callback_handler
 .text.ble_device_init
                0x1000a0cc      0x2a8 src/ASF/thirdparty/wireless/ble_smart_sdk/ble_services/ble_mgr/ble_manager.o
                0x1000a0cc                ble_device_init
 .text.ble_event_manager
                0x1000a374      0x11c src/ASF/thirdparty/wireless/ble_smart_sdk/ble_services/ble_mgr/ble_manager.o
                0x1000a374                ble_event_manager
 .text.ble_event_task
                0x1000a490       0x58 src/ASF/thirdparty/wireless/ble_smart_sdk/ble_services/ble_mgr/ble_manager.o
                0x1000a490                ble_event_task
 .text.ble_advertisement_data_set
                0x1000a4e8       0x7c src/ASF/thirdparty/wireless/ble_smart_sdk/ble_services/ble_mgr/ble_manager.o
                0x1000a4e8                ble_advertisement_data_set
 .text.hw_timer_init
                0x1000a564       0x2c src/ASF/thirdparty/wireless/ble_smart_sdk/services/dualtimer/timer_hw.o
                0x1000a564                hw_timer_init
 .text.hw_timer_register_callback
                0x1000a590       0x34 src/ASF/thirdparty/wireless/ble_smart_sdk/services/dualtimer/timer_hw.o
                0x1000a590                hw_timer_register_callback
 .text.hw_timer_start
                0x1000a5c4       0x44 src/ASF/thirdparty/wireless/ble_smart_sdk/services/dualtimer/timer_hw.o
                0x1000a5c4                hw_timer_start
 .text.button_callback
                0x1000a608       0x28 src/ASF/thirdparty/wireless/ble_smart_sdk/services/gpio/button.o
 .text.button_init
                0x1000a630       0x24 src/ASF/thirdparty/wireless/ble_smart_sdk/services/gpio/button.o
                0x1000a630                button_init
 .text.button_register_callback
                0x1000a654       0x38 src/ASF/thirdparty/wireless/ble_smart_sdk/services/gpio/button.o
                0x1000a654                button_register_callback
 .text.usart_serial_getchar
                0x1000a68c       0x18 src/ASF/thirdparty/wireless/ble_smart_sdk/services/uart/console_serial.o
 .text.usart_serial_putchar
                0x1000a6a4       0x18 src/ASF/thirdparty/wireless/ble_smart_sdk/services/uart/console_serial.o
 .text.uart_read_complete_callback
                0x1000a6bc       0x50 src/ASF/thirdparty/wireless/ble_smart_sdk/services/uart/console_serial.o
 .text.serial_console_init
                0x1000a70c       0xa8 src/ASF/thirdparty/wireless/ble_smart_sdk/services/uart/console_serial.o
                0x1000a70c                serial_console_init
 .text._time_start
                0x1000a7b4       0x54 src/ASF/thirdparty/wireless/ble_smart_sdk/services/uart/console_serial.o
                0x1000a7b4                _time_start
 .text._time_done
                0x1000a808       0x10 src/ASF/thirdparty/wireless/ble_smart_sdk/services/uart/console_serial.o
                0x1000a808                _time_done
 .text.getchar_b11_timeout
                0x1000a818       0x68 src/ASF/thirdparty/wireless/ble_smart_sdk/services/uart/console_serial.o
                0x1000a818                getchar_b11_timeout
 .text.platform_event_free
                0x1000a880       0x10 src/ASF/thirdparty/wireless/ble_smart_sdk/src/event_handler.o
                0x1000a880                platform_event_free
 .text.platform_event_post
                0x1000a890       0x3c src/ASF/thirdparty/wireless/ble_smart_sdk/src/event_handler.o
                0x1000a890                platform_event_post
 .text.platform_event_init
                0x1000a8cc       0x2c src/ASF/thirdparty/wireless/ble_smart_sdk/src/event_handler.o
                0x1000a8cc                platform_event_init
 .text.samb11_plf_resume_callback
                0x1000a8f8       0x2c src/ASF/thirdparty/wireless/ble_smart_sdk/src/platform_drv.o
                0x1000a8f8                samb11_plf_resume_callback
 .text.at_ke_msg_send
                0x1000a924       0x78 src/ASF/thirdparty/wireless/ble_smart_sdk/src/platform_drv.o
 .text.init_port_list
                0x1000a99c       0x44 src/ASF/thirdparty/wireless/ble_smart_sdk/src/platform_drv.o
                0x1000a99c                init_port_list
 .text.init_clock
                0x1000a9e0       0x30 src/ASF/thirdparty/wireless/ble_smart_sdk/src/platform_drv.o
                0x1000a9e0                init_clock
 .text.platform_driver_init
                0x1000aa10      0x230 src/ASF/thirdparty/wireless/ble_smart_sdk/src/platform_drv.o
                0x1000aa10                platform_driver_init
 .text.platform_register_ble_msg_handler
                0x1000ac40       0x1c src/ASF/thirdparty/wireless/ble_smart_sdk/src/platform_drv.o
                0x1000ac40                platform_register_ble_msg_handler
 .text.platform_interface_send
                0x1000ac5c       0x48 src/ASF/thirdparty/wireless/ble_smart_sdk/src/platform_drv.o
                0x1000ac5c                platform_interface_send
 .text.send_plf_int_msg_ind
                0x1000aca4       0x40 src/ASF/thirdparty/wireless/ble_smart_sdk/src/platform_drv.o
                0x1000aca4                send_plf_int_msg_ind
 .text.platform_event_wait
                0x1000ace4      0x200 src/ASF/thirdparty/wireless/ble_smart_sdk/src/platform_drv.o
                0x1000ace4                platform_event_wait
 .text.acquire_sleep_lock
                0x1000aee4       0x14 src/ASF/thirdparty/wireless/ble_smart_sdk/src/platform_drv.o
                0x1000aee4                acquire_sleep_lock
 .text.release_message_lock
                0x1000aef8       0x14 src/ASF/thirdparty/wireless/ble_smart_sdk/src/platform_drv.o
                0x1000aef8                release_message_lock
 .text.release_sleep_lock
                0x1000af0c       0x1c src/ASF/thirdparty/wireless/ble_smart_sdk/src/platform_drv.o
                0x1000af0c                release_sleep_lock
 .text.gpio1_combined_isr_handler
                0x1000af28       0x58 src/ASF/thirdparty/wireless/ble_smart_sdk/src/port_from_sdk.o
                0x1000af28                gpio1_combined_isr_handler
 .text.gpio0_combined_isr_handler
                0x1000af80       0x58 src/ASF/thirdparty/wireless/ble_smart_sdk/src/port_from_sdk.o
                0x1000af80                gpio0_combined_isr_handler
 .text.PORT1_COMB_Handler
                0x1000afd8       0x40 src/ASF/thirdparty/wireless/ble_smart_sdk/src/port_from_sdk.o
                0x1000afd8                PORT1_COMB_Handler
 .text.wakeup_int_unregister_callback
                0x1000b018       0x18 src/ASF/thirdparty/wireless/ble_smart_sdk/src/port_from_sdk.o
                0x1000b018                wakeup_int_unregister_callback
 .text.wakeup_active_event_callback
                0x1000b030       0x64 src/ASF/thirdparty/wireless/ble_smart_sdk/src/port_from_sdk.o
                0x1000b030                wakeup_active_event_callback
 .text.characteristic_uuid_init
                0x1000b094       0x64 src/BLE.o
                0x1000b094                characteristic_uuid_init
 .text.characteristic_description_init
                0x1000b0f8       0x3c src/BLE.o
                0x1000b0f8                characteristic_description_init
 .text.characteristic_attribute_descriptions_init
                0x1000b134       0x58 src/BLE.o
                0x1000b134                characteristic_attribute_descriptions_init
 .text.cymote_service_init
                0x1000b18c      0x290 src/BLE.o
                0x1000b18c                cymote_service_init
 .text.device_information_advertise
                0x1000b41c       0x70 src/BLE.o
                0x1000b41c                device_information_advertise
 .text.ble_disconnected_app_event
                0x1000b48c       0x10 src/BLE.o
                0x1000b48c                ble_disconnected_app_event
 .text.ble_connected_app_event
                0x1000b49c       0x10 src/BLE.o
                0x1000b49c                ble_connected_app_event
 .text.get_button_data
                0x1000b4ac       0x2c src/Buttons.o
                0x1000b4ac                get_button_data
 .text.set_LED  0x1000b4d8       0x34 src/LED.o
                0x1000b4d8                set_LED
 .text.setup_LED
                0x1000b50c       0x60 src/LED.o
                0x1000b50c                setup_LED
 .text.m_transfer
                0x1000b56c       0x50 src/LSM9DS1.o
                0x1000b56c                m_transfer
 .text.ag_write
                0x1000b5bc       0x28 src/LSM9DS1.o
                0x1000b5bc                ag_write
 .text.m_write  0x1000b5e4       0x28 src/LSM9DS1.o
                0x1000b5e4                m_write
 .text.ag_read_byte
                0x1000b60c       0x2c src/LSM9DS1.o
                0x1000b60c                ag_read_byte
 .text.ag_read_bytes
                0x1000b638       0x3c src/LSM9DS1.o
                0x1000b638                ag_read_bytes
 .text.m_read_bytes
                0x1000b674       0x44 src/LSM9DS1.o
                0x1000b674                m_read_bytes
 .text.init_accelerometer
                0x1000b6b8       0x1c src/LSM9DS1.o
                0x1000b6b8                init_accelerometer
 .text.get_raw_accelerometer
                0x1000b6d4       0x40 src/LSM9DS1.o
                0x1000b6d4                get_raw_accelerometer
 .text.init_gyroscope
                0x1000b714       0x28 src/LSM9DS1.o
                0x1000b714                init_gyroscope
 .text.get_raw_gyroscope
                0x1000b73c       0x40 src/LSM9DS1.o
                0x1000b73c                get_raw_gyroscope
 .text.init_magnetometer
                0x1000b77c       0x28 src/LSM9DS1.o
                0x1000b77c                init_magnetometer
 .text.get_raw_magnetometer
                0x1000b7a4       0x40 src/LSM9DS1.o
                0x1000b7a4                get_raw_magnetometer
 .text.configure_gpio
                0x1000b7e4       0xb8 src/LSM9DS1.o
                0x1000b7e4                configure_gpio
 .text.time_timer_callback_fn
                0x1000b89c       0x1c src/main_sam_b.o
 .text.ble_paired_app_event
                0x1000b8b8       0x20 src/main_sam_b.o
                0x1000b8b8                ble_paired_app_event
 .text.button_cb
                0x1000b8d8       0x24 src/main_sam_b.o
 .text.ble_timer_callback_fn
                0x1000b8fc       0x14 src/main_sam_b.o
 .text.prepare_send_buffer
                0x1000b910       0xa0 src/main_sam_b.o
                0x1000b910                prepare_send_buffer
 .text.prepare_send_buffer_timer
                0x1000b9b0       0x50 src/main_sam_b.o
                0x1000b9b0                prepare_send_buffer_timer
 .text.startup.main
                0x1000ba00      0x374 src/main_sam_b.o
                0x1000ba00                main
 .text.internal_event_post
                0x1000bd74       0x5c C:\Senior-Design\Cymote\Cymote2\Cymote2\src\ASF\thirdparty\wireless\ble_smart_sdk\lib\cm0\gcc\libblusdk.a(event.o)
                0x1000bd74                internal_event_post
 .text.internal_event_init
                0x1000bdd0       0x2c C:\Senior-Design\Cymote\Cymote2\Cymote2\src\ASF\thirdparty\wireless\ble_smart_sdk\lib\cm0\gcc\libblusdk.a(event.o)
                0x1000bdd0                internal_event_init
 .text.special_events_handler
                0x1000bdfc       0x90 C:\Senior-Design\Cymote\Cymote2\Cymote2\src\ASF\thirdparty\wireless\ble_smart_sdk\lib\cm0\gcc\libblusdk.a(event.o)
                0x1000bdfc                special_events_handler
 .text.at_ble_event_get
                0x1000be8c      0x6d8 C:\Senior-Design\Cymote\Cymote2\Cymote2\src\ASF\thirdparty\wireless\ble_smart_sdk\lib\cm0\gcc\libblusdk.a(event.o)
                0x1000be8c                at_ble_event_get
 .text.internal_event_flush
                0x1000c564       0x44 C:\Senior-Design\Cymote\Cymote2\Cymote2\src\ASF\thirdparty\wireless\ble_smart_sdk\lib\cm0\gcc\libblusdk.a(event.o)
                0x1000c564                internal_event_flush
 .text.internal_conn_flush
                0x1000c5a8       0x54 C:\Senior-Design\Cymote\Cymote2\Cymote2\src\ASF\thirdparty\wireless\ble_smart_sdk\lib\cm0\gcc\libblusdk.a(event.o)
                0x1000c5a8                internal_conn_flush
 .text.at_ble_device_name_set
                0x1000c5fc       0x34 C:\Senior-Design\Cymote\Cymote2\Cymote2\src\ASF\thirdparty\wireless\ble_smart_sdk\lib\cm0\gcc\libblusdk.a(gap.o)
                0x1000c5fc                at_ble_device_name_set
 .text.at_ble_addr_get
                0x1000c630       0x24 C:\Senior-Design\Cymote\Cymote2\Cymote2\src\ASF\thirdparty\wireless\ble_smart_sdk\lib\cm0\gcc\libblusdk.a(gap.o)
                0x1000c630                at_ble_addr_get
 .text.at_ble_set_dev_config
                0x1000c654       0x90 C:\Senior-Design\Cymote\Cymote2\Cymote2\src\ASF\thirdparty\wireless\ble_smart_sdk\lib\cm0\gcc\libblusdk.a(gap.o)
                0x1000c654                at_ble_set_dev_config
 .text.at_ble_init
                0x1000c6e4      0x1b4 C:\Senior-Design\Cymote\Cymote2\Cymote2\src\ASF\thirdparty\wireless\ble_smart_sdk\lib\cm0\gcc\libblusdk.a(gap.o)
                0x1000c6e4                at_ble_init
 .text.at_ble_addr_set
                0x1000c898       0x54 C:\Senior-Design\Cymote\Cymote2\Cymote2\src\ASF\thirdparty\wireless\ble_smart_sdk\lib\cm0\gcc\libblusdk.a(gap.o)
                0x1000c898                at_ble_addr_set
 .text.at_ble_adv_data_set
                0x1000c8ec       0x84 C:\Senior-Design\Cymote\Cymote2\Cymote2\src\ASF\thirdparty\wireless\ble_smart_sdk\lib\cm0\gcc\libblusdk.a(gap.o)
                0x1000c8ec                at_ble_adv_data_set
 .text.at_ble_adv_start
                0x1000c970      0x13c C:\Senior-Design\Cymote\Cymote2\Cymote2\src\ASF\thirdparty\wireless\ble_smart_sdk\lib\cm0\gcc\libblusdk.a(gap.o)
                0x1000c970                at_ble_adv_start
 .text.at_ble_scan_stop
                0x1000caac       0x20 C:\Senior-Design\Cymote\Cymote2\Cymote2\src\ASF\thirdparty\wireless\ble_smart_sdk\lib\cm0\gcc\libblusdk.a(gap.o)
                0x1000caac                at_ble_scan_stop
 .text.at_ble_disconnect
                0x1000cacc       0x20 C:\Senior-Design\Cymote\Cymote2\Cymote2\src\ASF\thirdparty\wireless\ble_smart_sdk\lib\cm0\gcc\libblusdk.a(gap.o)
                0x1000cacc                at_ble_disconnect
 .text.at_ble_conn_update_reply
                0x1000caec        0xc C:\Senior-Design\Cymote\Cymote2\Cymote2\src\ASF\thirdparty\wireless\ble_smart_sdk\lib\cm0\gcc\libblusdk.a(gap.o)
                0x1000caec                at_ble_conn_update_reply
 .text.at_ble_random_address_resolve
                0x1000caf8       0x28 C:\Senior-Design\Cymote\Cymote2\Cymote2\src\ASF\thirdparty\wireless\ble_smart_sdk\lib\cm0\gcc\libblusdk.a(gap.o)
                0x1000caf8                at_ble_random_address_resolve
 .text.at_ble_uuid_type2len
                0x1000cb20       0x14 C:\Senior-Design\Cymote\Cymote2\Cymote2\src\ASF\thirdparty\wireless\ble_smart_sdk\lib\cm0\gcc\libblusdk.a(gap.o)
                0x1000cb20                at_ble_uuid_type2len
 .text.at_ble_uuid_len2type
                0x1000cb34       0x14 C:\Senior-Design\Cymote\Cymote2\Cymote2\src\ASF\thirdparty\wireless\ble_smart_sdk\lib\cm0\gcc\libblusdk.a(gap.o)
                0x1000cb34                at_ble_uuid_len2type
 .text.init_gatt_client_module
                0x1000cb48        0xc C:\Senior-Design\Cymote\Cymote2\Cymote2\src\ASF\thirdparty\wireless\ble_smart_sdk\lib\cm0\gcc\libblusdk.a(gatt_client.o)
                0x1000cb48                init_gatt_client_module
 .text.db_searchATT
                0x1000cb54       0x40 C:\Senior-Design\Cymote\Cymote2\Cymote2\src\ASF\thirdparty\wireless\ble_smart_sdk\lib\cm0\gcc\libblusdk.a(gatt_server.o)
 .text.att_permissions
                0x1000cb94       0x58 C:\Senior-Design\Cymote\Cymote2\Cymote2\src\ASF\thirdparty\wireless\ble_smart_sdk\lib\cm0\gcc\libblusdk.a(gatt_server.o)
 .text.char_permissions
                0x1000cbec       0x9c C:\Senior-Design\Cymote\Cymote2\Cymote2\src\ASF\thirdparty\wireless\ble_smart_sdk\lib\cm0\gcc\libblusdk.a(gatt_server.o)
 .text.presentation_format_define
                0x1000cc88       0x2c C:\Senior-Design\Cymote\Cymote2\Cymote2\src\ASF\thirdparty\wireless\ble_smart_sdk\lib\cm0\gcc\libblusdk.a(gatt_server.o)
 .text.db_addATT
                0x1000ccb4       0xb8 C:\Senior-Design\Cymote\Cymote2\Cymote2\src\ASF\thirdparty\wireless\ble_smart_sdk\lib\cm0\gcc\libblusdk.a(gatt_server.o)
 .text.user_description_define
                0x1000cd6c       0x50 C:\Senior-Design\Cymote\Cymote2\Cymote2\src\ASF\thirdparty\wireless\ble_smart_sdk\lib\cm0\gcc\libblusdk.a(gatt_server.o)
 .text.at_ble_read_authorize_reply.part.1
                0x1000cdbc       0x30 C:\Senior-Design\Cymote\Cymote2\Cymote2\src\ASF\thirdparty\wireless\ble_smart_sdk\lib\cm0\gcc\libblusdk.a(gatt_server.o)
 .text.initi_gatt_server_module
                0x1000cdec       0x3c C:\Senior-Design\Cymote\Cymote2\Cymote2\src\ASF\thirdparty\wireless\ble_smart_sdk\lib\cm0\gcc\libblusdk.a(gatt_server.o)
                0x1000cdec                initi_gatt_server_module
 .text.db_init  0x1000ce28       0x44 C:\Senior-Design\Cymote\Cymote2\Cymote2\src\ASF\thirdparty\wireless\ble_smart_sdk\lib\cm0\gcc\libblusdk.a(gatt_server.o)
                0x1000ce28                db_init
 .text.at_ble_service_define
                0x1000ce6c      0x4d0 C:\Senior-Design\Cymote\Cymote2\Cymote2\src\ASF\thirdparty\wireless\ble_smart_sdk\lib\cm0\gcc\libblusdk.a(gatt_server.o)
                0x1000ce6c                at_ble_service_define
 .text.at_ble_characteristic_value_set
                0x1000d33c       0x3c C:\Senior-Design\Cymote\Cymote2\Cymote2\src\ASF\thirdparty\wireless\ble_smart_sdk\lib\cm0\gcc\libblusdk.a(gatt_server.o)
                0x1000d33c                at_ble_characteristic_value_set
 .text.at_ble_characteristic_value_get
                0x1000d378       0x40 C:\Senior-Design\Cymote\Cymote2\Cymote2\src\ASF\thirdparty\wireless\ble_smart_sdk\lib\cm0\gcc\libblusdk.a(gatt_server.o)
                0x1000d378                at_ble_characteristic_value_get
 .text.at_ble_write_authorize_reply
                0x1000d3b8       0x88 C:\Senior-Design\Cymote\Cymote2\Cymote2\src\ASF\thirdparty\wireless\ble_smart_sdk\lib\cm0\gcc\libblusdk.a(gatt_server.o)
                0x1000d3b8                at_ble_write_authorize_reply
 .text.gatts_handle_read_req
                0x1000d440       0x30 C:\Senior-Design\Cymote\Cymote2\Cymote2\src\ASF\thirdparty\wireless\ble_smart_sdk\lib\cm0\gcc\libblusdk.a(gatt_server.o)
                0x1000d440                gatts_handle_read_req
 .text.gatts_handle_att_info_req
                0x1000d470       0x3c C:\Senior-Design\Cymote\Cymote2\Cymote2\src\ASF\thirdparty\wireless\ble_smart_sdk\lib\cm0\gcc\libblusdk.a(gatt_server.o)
                0x1000d470                gatts_handle_att_info_req
 .text.gatts_handle_write_req
                0x1000d4ac       0x30 C:\Senior-Design\Cymote\Cymote2\Cymote2\src\ASF\thirdparty\wireless\ble_smart_sdk\lib\cm0\gcc\libblusdk.a(gatt_server.o)
                0x1000d4ac                gatts_handle_write_req
 .text.init_l2cc_task_module
                0x1000d4dc        0xc C:\Senior-Design\Cymote\Cymote2\Cymote2\src\ASF\thirdparty\wireless\ble_smart_sdk\lib\cm0\gcc\libblusdk.a(l2cc_task.o)
                0x1000d4dc                init_l2cc_task_module
 .text.l2cc_data_send_rsp_handler
                0x1000d4e8       0x2c C:\Senior-Design\Cymote\Cymote2\Cymote2\src\ASF\thirdparty\wireless\ble_smart_sdk\lib\cm0\gcc\libblusdk.a(l2cc_task.o)
                0x1000d4e8                l2cc_data_send_rsp_handler
 .text.l2cc_data_received_handler
                0x1000d514       0x30 C:\Senior-Design\Cymote\Cymote2\Cymote2\src\ASF\thirdparty\wireless\ble_smart_sdk\lib\cm0\gcc\libblusdk.a(l2cc_task.o)
                0x1000d514                l2cc_data_received_handler
 .text.at_ble_authenticate
                0x1000d544      0x130 C:\Senior-Design\Cymote\Cymote2\Cymote2\src\ASF\thirdparty\wireless\ble_smart_sdk\lib\cm0\gcc\libblusdk.a(security.o)
                0x1000d544                at_ble_authenticate
 .text.at_ble_pair_key_reply
                0x1000d674       0x7c C:\Senior-Design\Cymote\Cymote2\Cymote2\src\ASF\thirdparty\wireless\ble_smart_sdk\lib\cm0\gcc\libblusdk.a(security.o)
                0x1000d674                at_ble_pair_key_reply
 .text.at_ble_encryption_start
                0x1000d6f0       0x78 C:\Senior-Design\Cymote\Cymote2\Cymote2\src\ASF\thirdparty\wireless\ble_smart_sdk\lib\cm0\gcc\libblusdk.a(security.o)
                0x1000d6f0                at_ble_encryption_start
 .text.at_ble_encryption_request_reply
                0x1000d768       0x34 C:\Senior-Design\Cymote\Cymote2\Cymote2\src\ASF\thirdparty\wireless\ble_smart_sdk\lib\cm0\gcc\libblusdk.a(security.o)
                0x1000d768                at_ble_encryption_request_reply
 .text.rx_callback
                0x1000d79c       0x98 C:\Senior-Design\Cymote\Cymote2\Cymote2\src\ASF\thirdparty\wireless\ble_smart_sdk\lib\cm0\gcc\libblusdk.a(interface.o)
                0x1000d79c                rx_callback
 .text.interface_send
                0x1000d834       0x10 C:\Senior-Design\Cymote\Cymote2\Cymote2\src\ASF\thirdparty\wireless\ble_smart_sdk\lib\cm0\gcc\libblusdk.a(interface.o)
                0x1000d834                interface_send
 .text.interface_init
                0x1000d844       0x48 C:\Senior-Design\Cymote\Cymote2\Cymote2\src\ASF\thirdparty\wireless\ble_smart_sdk\lib\cm0\gcc\libblusdk.a(interface.o)
                0x1000d844                interface_init
 .text.platform_cmd_cmpl_signal
                0x1000d88c        0xc C:\Senior-Design\Cymote\Cymote2\Cymote2\src\ASF\thirdparty\wireless\ble_smart_sdk\lib\cm0\gcc\libblusdk.a(interface.o)
                0x1000d88c                platform_cmd_cmpl_signal
 .text.platform_cmd_cmpl_wait
                0x1000d898       0x2c C:\Senior-Design\Cymote\Cymote2\Cymote2\src\ASF\thirdparty\wireless\ble_smart_sdk\lib\cm0\gcc\libblusdk.a(interface.o)
                0x1000d898                platform_cmd_cmpl_wait
 .text.start_timer
                0x1000d8c4        0x2 C:\Senior-Design\Cymote\Cymote2\Cymote2\src\ASF\thirdparty\wireless\ble_smart_sdk\lib\cm0\gcc\libblusdk.a(interface.o)
                0x1000d8c4                start_timer
 .text.stop_timer
                0x1000d8c6        0x2 C:\Senior-Design\Cymote\Cymote2\Cymote2\src\ASF\thirdparty\wireless\ble_smart_sdk\lib\cm0\gcc\libblusdk.a(interface.o)
                0x1000d8c6                stop_timer
 .text.dbg_le_set_bd_addr_req_handler
                0x1000d8c8       0x7c C:\Senior-Design\Cymote\Cymote2\Cymote2\src\ASF\thirdparty\wireless\ble_smart_sdk\lib\cm0\gcc\libblusdk.a(dbg_task.o)
                0x1000d8c8                dbg_le_set_bd_addr_req_handler
 .text.gapc_get_dev_info_cfm.constprop.1
                0x1000d944       0xc0 C:\Senior-Design\Cymote\Cymote2\Cymote2\src\ASF\thirdparty\wireless\ble_smart_sdk\lib\cm0\gcc\libblusdk.a(gapc_task.o)
 .text.check_ConnData_idx_role
                0x1000da04       0x3c C:\Senior-Design\Cymote\Cymote2\Cymote2\src\ASF\thirdparty\wireless\ble_smart_sdk\lib\cm0\gcc\libblusdk.a(gapc_task.o)
                0x1000da04                check_ConnData_idx_role
 .text.check_ConnData_emptyEntry
                0x1000da40       0x28 C:\Senior-Design\Cymote\Cymote2\Cymote2\src\ASF\thirdparty\wireless\ble_smart_sdk\lib\cm0\gcc\libblusdk.a(gapc_task.o)
                0x1000da40                check_ConnData_emptyEntry
 .text.gapc_cmp_evt
                0x1000da68       0xd0 C:\Senior-Design\Cymote\Cymote2\Cymote2\src\ASF\thirdparty\wireless\ble_smart_sdk\lib\cm0\gcc\libblusdk.a(gapc_task.o)
                0x1000da68                gapc_cmp_evt
 .text.gapc_connection_cfm_handler
                0x1000db38       0xc4 C:\Senior-Design\Cymote\Cymote2\Cymote2\src\ASF\thirdparty\wireless\ble_smart_sdk\lib\cm0\gcc\libblusdk.a(gapc_task.o)
                0x1000db38                gapc_connection_cfm_handler
 .text.gapc_con_req_ind
                0x1000dbfc       0xe0 C:\Senior-Design\Cymote\Cymote2\Cymote2\src\ASF\thirdparty\wireless\ble_smart_sdk\lib\cm0\gcc\libblusdk.a(gapc_task.o)
                0x1000dbfc                gapc_con_req_ind
 .text.gapc_disconnect_cmd_handler
                0x1000dcdc       0x44 C:\Senior-Design\Cymote\Cymote2\Cymote2\src\ASF\thirdparty\wireless\ble_smart_sdk\lib\cm0\gcc\libblusdk.a(gapc_task.o)
                0x1000dcdc                gapc_disconnect_cmd_handler
 .text.gapc_disconnect_ind
                0x1000dd20       0x34 C:\Senior-Design\Cymote\Cymote2\Cymote2\src\ASF\thirdparty\wireless\ble_smart_sdk\lib\cm0\gcc\libblusdk.a(gapc_task.o)
                0x1000dd20                gapc_disconnect_ind
 .text.gapc_bond_cmd_handler
                0x1000dd54       0x68 C:\Senior-Design\Cymote\Cymote2\Cymote2\src\ASF\thirdparty\wireless\ble_smart_sdk\lib\cm0\gcc\libblusdk.a(gapc_task.o)
                0x1000dd54                gapc_bond_cmd_handler
 .text.gapc_bond_ind
                0x1000ddbc       0xd8 C:\Senior-Design\Cymote\Cymote2\Cymote2\src\ASF\thirdparty\wireless\ble_smart_sdk\lib\cm0\gcc\libblusdk.a(gapc_task.o)
                0x1000ddbc                gapc_bond_ind
 .text.gapc_bond_req_ind
                0x1000de94       0xe0 C:\Senior-Design\Cymote\Cymote2\Cymote2\src\ASF\thirdparty\wireless\ble_smart_sdk\lib\cm0\gcc\libblusdk.a(gapc_task.o)
                0x1000de94                gapc_bond_req_ind
 .text.gapc_bond_cfm_handler_pair_resp
                0x1000df74       0x7c C:\Senior-Design\Cymote\Cymote2\Cymote2\src\ASF\thirdparty\wireless\ble_smart_sdk\lib\cm0\gcc\libblusdk.a(gapc_task.o)
                0x1000df74                gapc_bond_cfm_handler_pair_resp
 .text.gapc_bond_cfm_handler_key_exch
                0x1000dff0       0x50 C:\Senior-Design\Cymote\Cymote2\Cymote2\src\ASF\thirdparty\wireless\ble_smart_sdk\lib\cm0\gcc\libblusdk.a(gapc_task.o)
                0x1000dff0                gapc_bond_cfm_handler_key_exch
 .text.gapc_encrypt_cmd_handler
                0x1000e040       0x9c C:\Senior-Design\Cymote\Cymote2\Cymote2\src\ASF\thirdparty\wireless\ble_smart_sdk\lib\cm0\gcc\libblusdk.a(gapc_task.o)
                0x1000e040                gapc_encrypt_cmd_handler
 .text.gapc_encrypt_req_ind
                0x1000e0dc       0x20 C:\Senior-Design\Cymote\Cymote2\Cymote2\src\ASF\thirdparty\wireless\ble_smart_sdk\lib\cm0\gcc\libblusdk.a(gapc_task.o)
                0x1000e0dc                gapc_encrypt_req_ind
 .text.gapc_encrypt_cfm_handler
                0x1000e0fc       0x80 C:\Senior-Design\Cymote\Cymote2\Cymote2\src\ASF\thirdparty\wireless\ble_smart_sdk\lib\cm0\gcc\libblusdk.a(gapc_task.o)
                0x1000e0fc                gapc_encrypt_cfm_handler
 .text.gapc_encrypt_ind
                0x1000e17c        0xe C:\Senior-Design\Cymote\Cymote2\Cymote2\src\ASF\thirdparty\wireless\ble_smart_sdk\lib\cm0\gcc\libblusdk.a(gapc_task.o)
                0x1000e17c                gapc_encrypt_ind
 *fill*         0x1000e18a        0x2 
 .text.gapc_param_update_cfm_handler
                0x1000e18c       0x4c C:\Senior-Design\Cymote\Cymote2\Cymote2\src\ASF\thirdparty\wireless\ble_smart_sdk\lib\cm0\gcc\libblusdk.a(gapc_task.o)
                0x1000e18c                gapc_param_update_cfm_handler
 .text.gapc_param_updated_ind
                0x1000e1d8       0x2a C:\Senior-Design\Cymote\Cymote2\Cymote2\src\ASF\thirdparty\wireless\ble_smart_sdk\lib\cm0\gcc\libblusdk.a(gapc_task.o)
                0x1000e1d8                gapc_param_updated_ind
 .text.gapc_param_updated_req_ind
                0x1000e202       0x30 C:\Senior-Design\Cymote\Cymote2\Cymote2\src\ASF\thirdparty\wireless\ble_smart_sdk\lib\cm0\gcc\libblusdk.a(gapc_task.o)
                0x1000e202                gapc_param_updated_req_ind
 *fill*         0x1000e232        0x2 
 .text.gapc_dev_info_req_ind_handler
                0x1000e234       0x28 C:\Senior-Design\Cymote\Cymote2\Cymote2\src\ASF\thirdparty\wireless\ble_smart_sdk\lib\cm0\gcc\libblusdk.a(gapc_task.o)
                0x1000e234                gapc_dev_info_req_ind_handler
 .text.gapc_sec_req_ind
                0x1000e25c       0x16 C:\Senior-Design\Cymote\Cymote2\Cymote2\src\ASF\thirdparty\wireless\ble_smart_sdk\lib\cm0\gcc\libblusdk.a(gapc_task.o)
                0x1000e25c                gapc_sec_req_ind
 .text.gapc_sign_counter_ind_handler
                0x1000e272       0x34 C:\Senior-Design\Cymote\Cymote2\Cymote2\src\ASF\thirdparty\wireless\ble_smart_sdk\lib\cm0\gcc\libblusdk.a(gapc_task.o)
                0x1000e272                gapc_sign_counter_ind_handler
 *fill*         0x1000e2a6        0x2 
 .text.gapc_peer_att_info_ind_handler
                0x1000e2a8       0x7c C:\Senior-Design\Cymote\Cymote2\Cymote2\src\ASF\thirdparty\wireless\ble_smart_sdk\lib\cm0\gcc\libblusdk.a(gapc_task.o)
                0x1000e2a8                gapc_peer_att_info_ind_handler
 .text.gapc_con_channel_map_ind_handler
                0x1000e324       0x18 C:\Senior-Design\Cymote\Cymote2\Cymote2\src\ASF\thirdparty\wireless\ble_smart_sdk\lib\cm0\gcc\libblusdk.a(gapc_task.o)
                0x1000e324                gapc_con_channel_map_ind_handler
 .text.gapc_lecb_connected
                0x1000e33c       0x2e C:\Senior-Design\Cymote\Cymote2\Cymote2\src\ASF\thirdparty\wireless\ble_smart_sdk\lib\cm0\gcc\libblusdk.a(gapc_task.o)
                0x1000e33c                gapc_lecb_connected
 .text.gapc_lecb_disconnected
                0x1000e36a       0x16 C:\Senior-Design\Cymote\Cymote2\Cymote2\src\ASF\thirdparty\wireless\ble_smart_sdk\lib\cm0\gcc\libblusdk.a(gapc_task.o)
                0x1000e36a                gapc_lecb_disconnected
 .text.gapc_lecb_connect_req_ind
                0x1000e380       0x2a C:\Senior-Design\Cymote\Cymote2\Cymote2\src\ASF\thirdparty\wireless\ble_smart_sdk\lib\cm0\gcc\libblusdk.a(gapc_task.o)
                0x1000e380                gapc_lecb_connect_req_ind
 .text.gapc_lecb_add_credit_resp_handler
                0x1000e3aa       0x20 C:\Senior-Design\Cymote\Cymote2\Cymote2\src\ASF\thirdparty\wireless\ble_smart_sdk\lib\cm0\gcc\libblusdk.a(gapc_task.o)
                0x1000e3aa                gapc_lecb_add_credit_resp_handler
 *fill*         0x1000e3ca        0x2 
 .text.gapm_reset_req_handler
                0x1000e3cc       0x70 C:\Senior-Design\Cymote\Cymote2\Cymote2\src\ASF\thirdparty\wireless\ble_smart_sdk\lib\cm0\gcc\libblusdk.a(gapm_task.o)
                0x1000e3cc                gapm_reset_req_handler
 .text.gapm_set_dev_config_cmd_handler
                0x1000e43c      0x108 C:\Senior-Design\Cymote\Cymote2\Cymote2\src\ASF\thirdparty\wireless\ble_smart_sdk\lib\cm0\gcc\libblusdk.a(gapm_task.o)
                0x1000e43c                gapm_set_dev_config_cmd_handler
 .text.gapm_get_dev_config_cmd_handler
                0x1000e544       0xe0 C:\Senior-Design\Cymote\Cymote2\Cymote2\src\ASF\thirdparty\wireless\ble_smart_sdk\lib\cm0\gcc\libblusdk.a(gapm_task.o)
                0x1000e544                gapm_get_dev_config_cmd_handler
 .text.gapm_cancel_cmd_handler
                0x1000e624       0x70 C:\Senior-Design\Cymote\Cymote2\Cymote2\src\ASF\thirdparty\wireless\ble_smart_sdk\lib\cm0\gcc\libblusdk.a(gapm_task.o)
                0x1000e624                gapm_cancel_cmd_handler
 .text.gapm_dev_bdaddr_ind_handler
                0x1000e694       0x1c C:\Senior-Design\Cymote\Cymote2\Cymote2\src\ASF\thirdparty\wireless\ble_smart_sdk\lib\cm0\gcc\libblusdk.a(gapm_task.o)
                0x1000e694                gapm_dev_bdaddr_ind_handler
 .text.gapm_cmp_evt
                0x1000e6b0      0x148 C:\Senior-Design\Cymote\Cymote2\Cymote2\src\ASF\thirdparty\wireless\ble_smart_sdk\lib\cm0\gcc\libblusdk.a(gapm_task.o)
                0x1000e6b0                gapm_cmp_evt
 .text.gapm_start_adv_cmd_handler
                0x1000e7f8      0x120 C:\Senior-Design\Cymote\Cymote2\Cymote2\src\ASF\thirdparty\wireless\ble_smart_sdk\lib\cm0\gcc\libblusdk.a(gapm_task.o)
                0x1000e7f8                gapm_start_adv_cmd_handler
 .text.get_gap_local_addr_type
                0x1000e918       0x18 C:\Senior-Design\Cymote\Cymote2\Cymote2\src\ASF\thirdparty\wireless\ble_smart_sdk\lib\cm0\gcc\libblusdk.a(gapm_task.o)
                0x1000e918                get_gap_local_addr_type
 .text.gapm_adv_report_evt_handler
                0x1000e930       0x88 C:\Senior-Design\Cymote\Cymote2\Cymote2\src\ASF\thirdparty\wireless\ble_smart_sdk\lib\cm0\gcc\libblusdk.a(gapm_task.o)
                0x1000e930                gapm_adv_report_evt_handler
 .text.gapm_resolv_addr_cmd_handler
                0x1000e9b8       0x68 C:\Senior-Design\Cymote\Cymote2\Cymote2\src\ASF\thirdparty\wireless\ble_smart_sdk\lib\cm0\gcc\libblusdk.a(gapm_task.o)
                0x1000e9b8                gapm_resolv_addr_cmd_handler
 .text.gapm_addr_solved_ind_handler
                0x1000ea20       0x24 C:\Senior-Design\Cymote\Cymote2\Cymote2\src\ASF\thirdparty\wireless\ble_smart_sdk\lib\cm0\gcc\libblusdk.a(gapm_task.o)
                0x1000ea20                gapm_addr_solved_ind_handler
 .text.gapm_profile_added_ind_handler
                0x1000ea44       0x20 C:\Senior-Design\Cymote\Cymote2\Cymote2\src\ASF\thirdparty\wireless\ble_smart_sdk\lib\cm0\gcc\libblusdk.a(gapm_task.o)
                0x1000ea44                gapm_profile_added_ind_handler
 .text.gattc_read_req_ind_parser
                0x1000ea64        0xc C:\Senior-Design\Cymote\Cymote2\Cymote2\src\ASF\thirdparty\wireless\ble_smart_sdk\lib\cm0\gcc\libblusdk.a(gattc_task.o)
                0x1000ea64                gattc_read_req_ind_parser
 .text.gattc_write_req_ind_parser
                0x1000ea70       0x38 C:\Senior-Design\Cymote\Cymote2\Cymote2\src\ASF\thirdparty\wireless\ble_smart_sdk\lib\cm0\gcc\libblusdk.a(gattc_task.o)
                0x1000ea70                gattc_write_req_ind_parser
 .text.gattc_att_info_req_parser
                0x1000eaa8        0xc C:\Senior-Design\Cymote\Cymote2\Cymote2\src\ASF\thirdparty\wireless\ble_smart_sdk\lib\cm0\gcc\libblusdk.a(gattc_task.o)
                0x1000eaa8                gattc_att_info_req_parser
 .text.gattc_read_cfm
                0x1000eab4       0x6c C:\Senior-Design\Cymote\Cymote2\Cymote2\src\ASF\thirdparty\wireless\ble_smart_sdk\lib\cm0\gcc\libblusdk.a(gattc_task.o)
                0x1000eab4                gattc_read_cfm
 .text.gattc_write_cfm
                0x1000eb20       0x44 C:\Senior-Design\Cymote\Cymote2\Cymote2\src\ASF\thirdparty\wireless\ble_smart_sdk\lib\cm0\gcc\libblusdk.a(gattc_task.o)
                0x1000eb20                gattc_write_cfm
 .text.gattc_att_info_cfm
                0x1000eb64       0x48 C:\Senior-Design\Cymote\Cymote2\Cymote2\src\ASF\thirdparty\wireless\ble_smart_sdk\lib\cm0\gcc\libblusdk.a(gattc_task.o)
                0x1000eb64                gattc_att_info_cfm
 .text.gattc_event_cfm_handler
                0x1000ebac       0x40 C:\Senior-Design\Cymote\Cymote2\Cymote2\src\ASF\thirdparty\wireless\ble_smart_sdk\lib\cm0\gcc\libblusdk.a(gattc_task.o)
                0x1000ebac                gattc_event_cfm_handler
 .text.gattc_disc_svc_ind_parser
                0x1000ebec       0x3c C:\Senior-Design\Cymote\Cymote2\Cymote2\src\ASF\thirdparty\wireless\ble_smart_sdk\lib\cm0\gcc\libblusdk.a(gattc_task.o)
                0x1000ebec                gattc_disc_svc_ind_parser
 .text.gattc_disc_svc_incl_ind_parser
                0x1000ec28       0x48 C:\Senior-Design\Cymote\Cymote2\Cymote2\src\ASF\thirdparty\wireless\ble_smart_sdk\lib\cm0\gcc\libblusdk.a(gattc_task.o)
                0x1000ec28                gattc_disc_svc_incl_ind_parser
 .text.gattc_disc_char_ind_parser
                0x1000ec70       0x44 C:\Senior-Design\Cymote\Cymote2\Cymote2\src\ASF\thirdparty\wireless\ble_smart_sdk\lib\cm0\gcc\libblusdk.a(gattc_task.o)
                0x1000ec70                gattc_disc_char_ind_parser
 .text.gattc_disc_char_desc_ind_parser
                0x1000ecb4       0x34 C:\Senior-Design\Cymote\Cymote2\Cymote2\src\ASF\thirdparty\wireless\ble_smart_sdk\lib\cm0\gcc\libblusdk.a(gattc_task.o)
                0x1000ecb4                gattc_disc_char_desc_ind_parser
 .text.gattc_event_ind_and_notification_parser
                0x1000ece8       0x54 C:\Senior-Design\Cymote\Cymote2\Cymote2\src\ASF\thirdparty\wireless\ble_smart_sdk\lib\cm0\gcc\libblusdk.a(gattc_task.o)
                0x1000ece8                gattc_event_ind_and_notification_parser
 .text.gattc_complete_evt_handler
                0x1000ed3c       0x78 C:\Senior-Design\Cymote\Cymote2\Cymote2\src\ASF\thirdparty\wireless\ble_smart_sdk\lib\cm0\gcc\libblusdk.a(gattc_task.o)
                0x1000ed3c                gattc_complete_evt_handler
 .text.gattc_event_mtu_changed_ind_parser
                0x1000edb4       0x10 C:\Senior-Design\Cymote\Cymote2\Cymote2\src\ASF\thirdparty\wireless\ble_smart_sdk\lib\cm0\gcc\libblusdk.a(gattc_task.o)
                0x1000edb4                gattc_event_mtu_changed_ind_parser
 .text.gattc_read_ind_parser
                0x1000edc4       0x40 C:\Senior-Design\Cymote\Cymote2\Cymote2\src\ASF\thirdparty\wireless\ble_smart_sdk\lib\cm0\gcc\libblusdk.a(gattc_task.o)
                0x1000edc4                gattc_read_ind_parser
 .text.gattc_svc_changed_cfg_ind_parser
                0x1000ee04       0x10 C:\Senior-Design\Cymote\Cymote2\Cymote2\src\ASF\thirdparty\wireless\ble_smart_sdk\lib\cm0\gcc\libblusdk.a(gattc_task.o)
                0x1000ee04                gattc_svc_changed_cfg_ind_parser
 .text.init_gattc_task_module
                0x1000ee14       0x14 C:\Senior-Design\Cymote\Cymote2\Cymote2\src\ASF\thirdparty\wireless\ble_smart_sdk\lib\cm0\gcc\libblusdk.a(gattc_task.o)
                0x1000ee14                init_gattc_task_module
 .text.gattm_add_svc_req_handler
                0x1000ee28      0x10c C:\Senior-Design\Cymote\Cymote2\Cymote2\src\ASF\thirdparty\wireless\ble_smart_sdk\lib\cm0\gcc\libblusdk.a(gattm_task.o)
                0x1000ee28                gattm_add_svc_req_handler
 .text.gattm_add_attribute_req_handler
                0x1000ef34       0x70 C:\Senior-Design\Cymote\Cymote2\Cymote2\src\ASF\thirdparty\wireless\ble_smart_sdk\lib\cm0\gcc\libblusdk.a(gattm_task.o)
                0x1000ef34                gattm_add_attribute_req_handler
 .text.gattm_att_set_value_req_handler
                0x1000efa4       0x8c C:\Senior-Design\Cymote\Cymote2\Cymote2\src\ASF\thirdparty\wireless\ble_smart_sdk\lib\cm0\gcc\libblusdk.a(gattm_task.o)
                0x1000efa4                gattm_att_set_value_req_handler
 .text.gattm_att_get_value_req_handler
                0x1000f030       0x9c C:\Senior-Design\Cymote\Cymote2\Cymote2\src\ASF\thirdparty\wireless\ble_smart_sdk\lib\cm0\gcc\libblusdk.a(gattm_task.o)
                0x1000f030                gattm_att_get_value_req_handler
 .text.htpt_enable_rsp_handler
                0x1000f0cc        0xa C:\Senior-Design\Cymote\Cymote2\Cymote2\src\ASF\thirdparty\wireless\ble_smart_sdk\lib\cm0\gcc\libblusdk.a(htpt_task.o)
                0x1000f0cc                htpt_enable_rsp_handler
 .text.htpt_temp_send_rsp_handler
                0x1000f0d6        0x6 C:\Senior-Design\Cymote\Cymote2\Cymote2\src\ASF\thirdparty\wireless\ble_smart_sdk\lib\cm0\gcc\libblusdk.a(htpt_task.o)
                0x1000f0d6                htpt_temp_send_rsp_handler
 .text.htpt_meas_intv_upd_rsp_handler
                0x1000f0dc        0x6 C:\Senior-Design\Cymote\Cymote2\Cymote2\src\ASF\thirdparty\wireless\ble_smart_sdk\lib\cm0\gcc\libblusdk.a(htpt_task.o)
                0x1000f0dc                htpt_meas_intv_upd_rsp_handler
 .text.htpt_meas_intv_chg_req_ind_handler
                0x1000f0e2        0xc C:\Senior-Design\Cymote\Cymote2\Cymote2\src\ASF\thirdparty\wireless\ble_smart_sdk\lib\cm0\gcc\libblusdk.a(htpt_task.o)
                0x1000f0e2                htpt_meas_intv_chg_req_ind_handler
 .text.htpt_cfg_indntf_ind_handler
                0x1000f0ee        0xa C:\Senior-Design\Cymote\Cymote2\Cymote2\src\ASF\thirdparty\wireless\ble_smart_sdk\lib\cm0\gcc\libblusdk.a(htpt_task.o)
                0x1000f0ee                htpt_cfg_indntf_ind_handler
 .text          0x1000f0f8       0x14 c:/program files (x86)/atmel/studio/7.0/toolchain/arm/arm-gnu-toolchain/bin/../lib/gcc/arm-none-eabi/5.3.1/armv6-m\libgcc.a(_thumb1_case_sqi.o)
                0x1000f0f8                __gnu_thumb1_case_sqi
 .text          0x1000f10c       0x14 c:/program files (x86)/atmel/studio/7.0/toolchain/arm/arm-gnu-toolchain/bin/../lib/gcc/arm-none-eabi/5.3.1/armv6-m\libgcc.a(_thumb1_case_uqi.o)
                0x1000f10c                __gnu_thumb1_case_uqi
 .text          0x1000f120       0x14 c:/program files (x86)/atmel/studio/7.0/toolchain/arm/arm-gnu-toolchain/bin/../lib/gcc/arm-none-eabi/5.3.1/armv6-m\libgcc.a(_thumb1_case_uhi.o)
                0x1000f120                __gnu_thumb1_case_uhi
 .text          0x1000f134      0x114 c:/program files (x86)/atmel/studio/7.0/toolchain/arm/arm-gnu-toolchain/bin/../lib/gcc/arm-none-eabi/5.3.1/armv6-m\libgcc.a(_udivsi3.o)
                0x1000f134                __aeabi_uidiv
                0x1000f134                __udivsi3
                0x1000f240                __aeabi_uidivmod
 .text          0x1000f248        0x4 c:/program files (x86)/atmel/studio/7.0/toolchain/arm/arm-gnu-toolchain/bin/../lib/gcc/arm-none-eabi/5.3.1/armv6-m\libgcc.a(_dvmd_tls.o)
                0x1000f248                __aeabi_idiv0
                0x1000f248                __aeabi_ldiv0
 .text          0x1000f24c       0x3c c:/program files (x86)/atmel/studio/7.0/toolchain/arm/arm-gnu-toolchain/bin/../lib/gcc/arm-none-eabi/5.3.1/armv6-m\libgcc.a(_fixunsdfsi.o)
                0x1000f24c                __aeabi_d2uiz
                0x1000f24c                __fixunsdfsi
 .text          0x1000f288      0x4f4 c:/program files (x86)/atmel/studio/7.0/toolchain/arm/arm-gnu-toolchain/bin/../lib/gcc/arm-none-eabi/5.3.1/armv6-m\libgcc.a(muldf3.o)
                0x1000f288                __aeabi_dmul
 .text          0x1000f77c      0x6a8 c:/program files (x86)/atmel/studio/7.0/toolchain/arm/arm-gnu-toolchain/bin/../lib/gcc/arm-none-eabi/5.3.1/armv6-m\libgcc.a(subdf3.o)
                0x1000f77c                __aeabi_dsub
 .text          0x1000fe24       0x6c c:/program files (x86)/atmel/studio/7.0/toolchain/arm/arm-gnu-toolchain/bin/../lib/gcc/arm-none-eabi/5.3.1/armv6-m\libgcc.a(fixdfsi.o)
                0x1000fe24                __aeabi_d2iz
 .text          0x1000fe90       0x70 c:/program files (x86)/atmel/studio/7.0/toolchain/arm/arm-gnu-toolchain/bin/../lib/gcc/arm-none-eabi/5.3.1/armv6-m\libgcc.a(floatunsidf.o)
                0x1000fe90                __aeabi_ui2d
 .text          0x1000ff00       0x7c c:/program files (x86)/atmel/studio/7.0/toolchain/arm/arm-gnu-toolchain/bin/../lib/gcc/arm-none-eabi/5.3.1/armv6-m\libgcc.a(_arm_cmpdf2.o)
                0x1000ff00                __aeabi_cdrcmple
                0x1000ff10                __aeabi_cdcmple
                0x1000ff10                __aeabi_cdcmpeq
                0x1000ff20                __aeabi_dcmpeq
                0x1000ff2c                __aeabi_dcmplt
                0x1000ff40                __aeabi_dcmple
                0x1000ff54                __aeabi_dcmpgt
                0x1000ff68                __aeabi_dcmpge
 .text          0x1000ff7c       0x3c c:/program files (x86)/atmel/studio/7.0/toolchain/arm/arm-gnu-toolchain/bin/../lib/gcc/arm-none-eabi/5.3.1/armv6-m\libgcc.a(_clzsi2.o)
                0x1000ff7c                __clzsi2
 .text          0x1000ffb8       0x80 c:/program files (x86)/atmel/studio/7.0/toolchain/arm/arm-gnu-toolchain/bin/../lib/gcc/arm-none-eabi/5.3.1/armv6-m\libgcc.a(eqdf2.o)
                0x1000ffb8                __nedf2
                0x1000ffb8                __eqdf2
 .text          0x10010038       0xc8 c:/program files (x86)/atmel/studio/7.0/toolchain/arm/arm-gnu-toolchain/bin/../lib/gcc/arm-none-eabi/5.3.1/armv6-m\libgcc.a(gedf2.o)
                0x10010038                __gedf2
                0x10010038                __gtdf2
 .text          0x10010100       0xd4 c:/program files (x86)/atmel/studio/7.0/toolchain/arm/arm-gnu-toolchain/bin/../lib/gcc/arm-none-eabi/5.3.1/armv6-m\libgcc.a(ledf2.o)
                0x10010100                __ledf2
                0x10010100                __ltdf2
 .text.__sflush_r
                0x100101d4      0x10c c:/program files (x86)/atmel/studio/7.0/toolchain/arm/arm-gnu-toolchain/bin/../lib/gcc/arm-none-eabi/5.3.1/../../../../arm-none-eabi/lib/armv6-m\libc_nano.a(lib_a-fflush.o)
                0x100101d4                __sflush_r
 .text._fflush_r
                0x100102e0       0x58 c:/program files (x86)/atmel/studio/7.0/toolchain/arm/arm-gnu-toolchain/bin/../lib/gcc/arm-none-eabi/5.3.1/../../../../arm-none-eabi/lib/armv6-m\libc_nano.a(lib_a-fflush.o)
                0x100102e0                _fflush_r
 .text.fflush   0x10010338       0x28 c:/program files (x86)/atmel/studio/7.0/toolchain/arm/arm-gnu-toolchain/bin/../lib/gcc/arm-none-eabi/5.3.1/../../../../arm-none-eabi/lib/armv6-m\libc_nano.a(lib_a-fflush.o)
                0x10010338                fflush
 .text._cleanup_r
                0x10010360       0x10 c:/program files (x86)/atmel/studio/7.0/toolchain/arm/arm-gnu-toolchain/bin/../lib/gcc/arm-none-eabi/5.3.1/../../../../arm-none-eabi/lib/armv6-m\libc_nano.a(lib_a-findfp.o)
                0x10010360                _cleanup_r
 .text.std.isra.0
                0x10010370       0x48 c:/program files (x86)/atmel/studio/7.0/toolchain/arm/arm-gnu-toolchain/bin/../lib/gcc/arm-none-eabi/5.3.1/../../../../arm-none-eabi/lib/armv6-m\libc_nano.a(lib_a-findfp.o)
 .text.__sfmoreglue
                0x100103b8       0x2c c:/program files (x86)/atmel/studio/7.0/toolchain/arm/arm-gnu-toolchain/bin/../lib/gcc/arm-none-eabi/5.3.1/../../../../arm-none-eabi/lib/armv6-m\libc_nano.a(lib_a-findfp.o)
                0x100103b8                __sfmoreglue
 .text.__sinit  0x100103e4       0x68 c:/program files (x86)/atmel/studio/7.0/toolchain/arm/arm-gnu-toolchain/bin/../lib/gcc/arm-none-eabi/5.3.1/../../../../arm-none-eabi/lib/armv6-m\libc_nano.a(lib_a-findfp.o)
                0x100103e4                __sinit
 .text.__sfp    0x1001044c       0x7c c:/program files (x86)/atmel/studio/7.0/toolchain/arm/arm-gnu-toolchain/bin/../lib/gcc/arm-none-eabi/5.3.1/../../../../arm-none-eabi/lib/armv6-m\libc_nano.a(lib_a-findfp.o)
                0x1001044c                __sfp
 .text._fwalk_reent
                0x100104c8       0x42 c:/program files (x86)/atmel/studio/7.0/toolchain/arm/arm-gnu-toolchain/bin/../lib/gcc/arm-none-eabi/5.3.1/../../../../arm-none-eabi/lib/armv6-m\libc_nano.a(lib_a-fwalk.o)
                0x100104c8                _fwalk_reent
 *fill*         0x1001050a        0x2 
 .text.__libc_init_array
                0x1001050c       0x4c c:/program files (x86)/atmel/studio/7.0/toolchain/arm/arm-gnu-toolchain/bin/../lib/gcc/arm-none-eabi/5.3.1/../../../../arm-none-eabi/lib/armv6-m\libc_nano.a(lib_a-init.o)
                0x1001050c                __libc_init_array
 .text.memcmp   0x10010558       0x1e c:/program files (x86)/atmel/studio/7.0/toolchain/arm/arm-gnu-toolchain/bin/../lib/gcc/arm-none-eabi/5.3.1/../../../../arm-none-eabi/lib/armv6-m\libc_nano.a(lib_a-memcmp.o)
                0x10010558                memcmp
 .text.memcpy   0x10010576       0x12 c:/program files (x86)/atmel/studio/7.0/toolchain/arm/arm-gnu-toolchain/bin/../lib/gcc/arm-none-eabi/5.3.1/../../../../arm-none-eabi/lib/armv6-m\libc_nano.a(lib_a-memcpy-stub.o)
                0x10010576                memcpy
 .text.memset   0x10010588       0x10 c:/program files (x86)/atmel/studio/7.0/toolchain/arm/arm-gnu-toolchain/bin/../lib/gcc/arm-none-eabi/5.3.1/../../../../arm-none-eabi/lib/armv6-m\libc_nano.a(lib_a-memset.o)
                0x10010588                memset
 .text._free_r  0x10010598       0x8c c:/program files (x86)/atmel/studio/7.0/toolchain/arm/arm-gnu-toolchain/bin/../lib/gcc/arm-none-eabi/5.3.1/../../../../arm-none-eabi/lib/armv6-m\libc_nano.a(lib_a-nano-freer.o)
                0x10010598                _free_r
 .text._malloc_r
                0x10010624       0xac c:/program files (x86)/atmel/studio/7.0/toolchain/arm/arm-gnu-toolchain/bin/../lib/gcc/arm-none-eabi/5.3.1/../../../../arm-none-eabi/lib/armv6-m\libc_nano.a(lib_a-nano-mallocr.o)
                0x10010624                _malloc_r
 .text.printf   0x100106d0       0x34 c:/program files (x86)/atmel/studio/7.0/toolchain/arm/arm-gnu-toolchain/bin/../lib/gcc/arm-none-eabi/5.3.1/../../../../arm-none-eabi/lib/armv6-m\libc_nano.a(lib_a-printf.o)
                0x100106d0                iprintf
                0x100106d0                printf
 .text.putchar  0x10010704       0x28 c:/program files (x86)/atmel/studio/7.0/toolchain/arm/arm-gnu-toolchain/bin/../lib/gcc/arm-none-eabi/5.3.1/../../../../arm-none-eabi/lib/armv6-m\libc_nano.a(lib_a-putchar.o)
                0x10010704                putchar
 .text._puts_r  0x1001072c       0xc4 c:/program files (x86)/atmel/studio/7.0/toolchain/arm/arm-gnu-toolchain/bin/../lib/gcc/arm-none-eabi/5.3.1/../../../../arm-none-eabi/lib/armv6-m\libc_nano.a(lib_a-puts.o)
                0x1001072c                _puts_r
 .text.puts     0x100107f0       0x14 c:/program files (x86)/atmel/studio/7.0/toolchain/arm/arm-gnu-toolchain/bin/../lib/gcc/arm-none-eabi/5.3.1/../../../../arm-none-eabi/lib/armv6-m\libc_nano.a(lib_a-puts.o)
                0x100107f0                puts
 .text.rand     0x10010804       0x78 c:/program files (x86)/atmel/studio/7.0/toolchain/arm/arm-gnu-toolchain/bin/../lib/gcc/arm-none-eabi/5.3.1/../../../../arm-none-eabi/lib/armv6-m\libc_nano.a(lib_a-rand.o)
                0x10010804                rand
 .text._sbrk_r  0x1001087c       0x24 c:/program files (x86)/atmel/studio/7.0/toolchain/arm/arm-gnu-toolchain/bin/../lib/gcc/arm-none-eabi/5.3.1/../../../../arm-none-eabi/lib/armv6-m\libc_nano.a(lib_a-sbrkr.o)
                0x1001087c                _sbrk_r
 .text.setbuf   0x100108a0       0x12 c:/program files (x86)/atmel/studio/7.0/toolchain/arm/arm-gnu-toolchain/bin/../lib/gcc/arm-none-eabi/5.3.1/../../../../arm-none-eabi/lib/armv6-m\libc_nano.a(lib_a-setbuf.o)
                0x100108a0                setbuf
 *fill*         0x100108b2        0x2 
 .text.setvbuf  0x100108b4      0x160 c:/program files (x86)/atmel/studio/7.0/toolchain/arm/arm-gnu-toolchain/bin/../lib/gcc/arm-none-eabi/5.3.1/../../../../arm-none-eabi/lib/armv6-m\libc_nano.a(lib_a-setvbuf.o)
                0x100108b4                setvbuf
 .text.snprintf
                0x10010a14       0x64 c:/program files (x86)/atmel/studio/7.0/toolchain/arm/arm-gnu-toolchain/bin/../lib/gcc/arm-none-eabi/5.3.1/../../../../arm-none-eabi/lib/armv6-m\libc_nano.a(lib_a-snprintf.o)
                0x10010a14                sniprintf
                0x10010a14                snprintf
 .text.__sread  0x10010a78       0x28 c:/program files (x86)/atmel/studio/7.0/toolchain/arm/arm-gnu-toolchain/bin/../lib/gcc/arm-none-eabi/5.3.1/../../../../arm-none-eabi/lib/armv6-m\libc_nano.a(lib_a-stdio.o)
                0x10010a78                __sread
 .text.__swrite
                0x10010aa0       0x38 c:/program files (x86)/atmel/studio/7.0/toolchain/arm/arm-gnu-toolchain/bin/../lib/gcc/arm-none-eabi/5.3.1/../../../../arm-none-eabi/lib/armv6-m\libc_nano.a(lib_a-stdio.o)
                0x10010aa0                __swrite
 .text.__sseek  0x10010ad8       0x2c c:/program files (x86)/atmel/studio/7.0/toolchain/arm/arm-gnu-toolchain/bin/../lib/gcc/arm-none-eabi/5.3.1/../../../../arm-none-eabi/lib/armv6-m\libc_nano.a(lib_a-stdio.o)
                0x10010ad8                __sseek
 .text.__sclose
                0x10010b04        0xc c:/program files (x86)/atmel/studio/7.0/toolchain/arm/arm-gnu-toolchain/bin/../lib/gcc/arm-none-eabi/5.3.1/../../../../arm-none-eabi/lib/armv6-m\libc_nano.a(lib_a-stdio.o)
                0x10010b04                __sclose
 .text          0x10010b10        0xe c:/program files (x86)/atmel/studio/7.0/toolchain/arm/arm-gnu-toolchain/bin/../lib/gcc/arm-none-eabi/5.3.1/../../../../arm-none-eabi/lib/armv6-m\libc_nano.a(lib_a-strlen.o)
                0x10010b10                strlen
 *fill*         0x10010b1e        0x2 
 .text.__swbuf_r
                0x10010b20       0xb0 c:/program files (x86)/atmel/studio/7.0/toolchain/arm/arm-gnu-toolchain/bin/../lib/gcc/arm-none-eabi/5.3.1/../../../../arm-none-eabi/lib/armv6-m\libc_nano.a(lib_a-wbuf.o)
                0x10010b20                __swbuf_r
 .text._write_r
                0x10010bd0       0x28 c:/program files (x86)/atmel/studio/7.0/toolchain/arm/arm-gnu-toolchain/bin/../lib/gcc/arm-none-eabi/5.3.1/../../../../arm-none-eabi/lib/armv6-m\libc_nano.a(lib_a-writer.o)
                0x10010bd0                _write_r
 .text.__swsetup_r
                0x10010bf8       0xec c:/program files (x86)/atmel/studio/7.0/toolchain/arm/arm-gnu-toolchain/bin/../lib/gcc/arm-none-eabi/5.3.1/../../../../arm-none-eabi/lib/armv6-m\libc_nano.a(lib_a-wsetup.o)
                0x10010bf8                __swsetup_r
 .text._close_r
                0x10010ce4       0x24 c:/program files (x86)/atmel/studio/7.0/toolchain/arm/arm-gnu-toolchain/bin/../lib/gcc/arm-none-eabi/5.3.1/../../../../arm-none-eabi/lib/armv6-m\libc_nano.a(lib_a-closer.o)
                0x10010ce4                _close_r
 .text._lseek_r
                0x10010d08       0x28 c:/program files (x86)/atmel/studio/7.0/toolchain/arm/arm-gnu-toolchain/bin/../lib/gcc/arm-none-eabi/5.3.1/../../../../arm-none-eabi/lib/armv6-m\libc_nano.a(lib_a-lseekr.o)
                0x10010d08                _lseek_r
 .text.__swhatbuf_r
                0x10010d30       0x4c c:/program files (x86)/atmel/studio/7.0/toolchain/arm/arm-gnu-toolchain/bin/../lib/gcc/arm-none-eabi/5.3.1/../../../../arm-none-eabi/lib/armv6-m\libc_nano.a(lib_a-makebuf.o)
                0x10010d30                __swhatbuf_r
 .text.__smakebuf_r
                0x10010d7c       0x7c c:/program files (x86)/atmel/studio/7.0/toolchain/arm/arm-gnu-toolchain/bin/../lib/gcc/arm-none-eabi/5.3.1/../../../../arm-none-eabi/lib/armv6-m\libc_nano.a(lib_a-makebuf.o)
                0x10010d7c                __smakebuf_r
 .text.malloc   0x10010df8       0x14 c:/program files (x86)/atmel/studio/7.0/toolchain/arm/arm-gnu-toolchain/bin/../lib/gcc/arm-none-eabi/5.3.1/../../../../arm-none-eabi/lib/armv6-m\libc_nano.a(lib_a-malloc.o)
                0x10010df8                malloc
 .text.__ssputs_r
                0x10010e0c       0xc4 c:/program files (x86)/atmel/studio/7.0/toolchain/arm/arm-gnu-toolchain/bin/../lib/gcc/arm-none-eabi/5.3.1/../../../../arm-none-eabi/lib/armv6-m\libc_nano.a(lib_a-nano-svfprintf.o)
                0x10010e0c                __ssputs_r
 .text._svfprintf_r
                0x10010ed0      0x1fc c:/program files (x86)/atmel/studio/7.0/toolchain/arm/arm-gnu-toolchain/bin/../lib/gcc/arm-none-eabi/5.3.1/../../../../arm-none-eabi/lib/armv6-m\libc_nano.a(lib_a-nano-svfprintf.o)
                0x10010ed0                _svfiprintf_r
                0x10010ed0                _svfprintf_r
 .text.__sfputc_r
                0x100110cc       0x2a c:/program files (x86)/atmel/studio/7.0/toolchain/arm/arm-gnu-toolchain/bin/../lib/gcc/arm-none-eabi/5.3.1/../../../../arm-none-eabi/lib/armv6-m\libc_nano.a(lib_a-nano-vfprintf.o)
 .text.__sfputs_r
                0x100110f6       0x24 c:/program files (x86)/atmel/studio/7.0/toolchain/arm/arm-gnu-toolchain/bin/../lib/gcc/arm-none-eabi/5.3.1/../../../../arm-none-eabi/lib/armv6-m\libc_nano.a(lib_a-nano-vfprintf.o)
                0x100110f6                __sfputs_r
 *fill*         0x1001111a        0x2 
 .text._vfprintf_r
                0x1001111c      0x238 c:/program files (x86)/atmel/studio/7.0/toolchain/arm/arm-gnu-toolchain/bin/../lib/gcc/arm-none-eabi/5.3.1/../../../../arm-none-eabi/lib/armv6-m\libc_nano.a(lib_a-nano-vfprintf.o)
                0x1001111c                _vfprintf_r
                0x1001111c                _vfiprintf_r
 .text._printf_common
                0x10011354       0xdc c:/program files (x86)/atmel/studio/7.0/toolchain/arm/arm-gnu-toolchain/bin/../lib/gcc/arm-none-eabi/5.3.1/../../../../arm-none-eabi/lib/armv6-m\libc_nano.a(lib_a-nano-vfprintf_i.o)
                0x10011354                _printf_common
 .text._printf_i
                0x10011430      0x244 c:/program files (x86)/atmel/studio/7.0/toolchain/arm/arm-gnu-toolchain/bin/../lib/gcc/arm-none-eabi/5.3.1/../../../../arm-none-eabi/lib/armv6-m\libc_nano.a(lib_a-nano-vfprintf_i.o)
                0x10011430                _printf_i
 .text._putc_r  0x10011674       0x6c c:/program files (x86)/atmel/studio/7.0/toolchain/arm/arm-gnu-toolchain/bin/../lib/gcc/arm-none-eabi/5.3.1/../../../../arm-none-eabi/lib/armv6-m\libc_nano.a(lib_a-putc.o)
                0x10011674                _putc_r
 .text._read_r  0x100116e0       0x28 c:/program files (x86)/atmel/studio/7.0/toolchain/arm/arm-gnu-toolchain/bin/../lib/gcc/arm-none-eabi/5.3.1/../../../../arm-none-eabi/lib/armv6-m\libc_nano.a(lib_a-readr.o)
                0x100116e0                _read_r
 .text._fstat_r
                0x10011708       0x24 c:/program files (x86)/atmel/studio/7.0/toolchain/arm/arm-gnu-toolchain/bin/../lib/gcc/arm-none-eabi/5.3.1/../../../../arm-none-eabi/lib/armv6-m\libc_nano.a(lib_a-fstatr.o)
                0x10011708                _fstat_r
 .text._isatty_r
                0x1001172c       0x24 c:/program files (x86)/atmel/studio/7.0/toolchain/arm/arm-gnu-toolchain/bin/../lib/gcc/arm-none-eabi/5.3.1/../../../../arm-none-eabi/lib/armv6-m\libc_nano.a(lib_a-isattyr.o)
                0x1001172c                _isatty_r
 .text.memchr   0x10011750       0x16 c:/program files (x86)/atmel/studio/7.0/toolchain/arm/arm-gnu-toolchain/bin/../lib/gcc/arm-none-eabi/5.3.1/../../../../arm-none-eabi/lib/armv6-m\libc_nano.a(lib_a-memchr-stub.o)
                0x10011750                memchr
 .text.memmove  0x10011766       0x2a c:/program files (x86)/atmel/studio/7.0/toolchain/arm/arm-gnu-toolchain/bin/../lib/gcc/arm-none-eabi/5.3.1/../../../../arm-none-eabi/lib/armv6-m\libc_nano.a(lib_a-memmove.o)
                0x10011766                memmove
 .text._realloc_r
                0x10011790       0x4c c:/program files (x86)/atmel/studio/7.0/toolchain/arm/arm-gnu-toolchain/bin/../lib/gcc/arm-none-eabi/5.3.1/../../../../arm-none-eabi/lib/armv6-m\libc_nano.a(lib_a-nano-reallocr.o)
                0x10011790                _realloc_r
 .text._malloc_usable_size_r
                0x100117dc       0x16 c:/program files (x86)/atmel/studio/7.0/toolchain/arm/arm-gnu-toolchain/bin/../lib/gcc/arm-none-eabi/5.3.1/../../../../arm-none-eabi/lib/armv6-m\libc_nano.a(lib_a-nano-msizer.o)
                0x100117dc                _malloc_usable_size_r
 *fill*         0x100117f2        0x2 
 .text          0x100117f4       0x58 c:/program files (x86)/atmel/studio/7.0/toolchain/arm/arm-gnu-toolchain/bin/../lib/gcc/arm-none-eabi/5.3.1/armv6-m\libgcc.a(_muldi3.o)
                0x100117f4                __muldi3
                0x100117f4                __aeabi_lmul
 *(.glue_7t)
 .glue_7t       0x1001184c        0x0 linker stubs
 *(.glue_7)
 .glue_7        0x1001184c        0x0 linker stubs
 *(.rodata .rodata* .gnu.linkonce.r.*)
 .rodata        0x1001184c       0x16 src/ASF/thirdparty/wireless/ble_smart_sdk/ble_services/ble_mgr/ble_manager.o
 *fill*         0x10011862        0x2 
 .rodata.ble_mgr_gatt_server_handle
                0x10011864       0x28 src/ASF/thirdparty/wireless/ble_smart_sdk/ble_services/ble_mgr/ble_manager.o
 .rodata.str1.1
                0x1001188c      0x5b4 src/ASF/thirdparty/wireless/ble_smart_sdk/ble_services/ble_mgr/ble_manager.o
                                0x5b6 (size before relaxing)
 .rodata.ble_mgr_gap_handle
                0x10011e40       0x4c src/ASF/thirdparty/wireless/ble_smart_sdk/ble_services/ble_mgr/ble_manager.o
 .rodata.CSWTCH.93
                0x10011e8c        0x7 src/ASF/thirdparty/wireless/ble_smart_sdk/ble_services/ble_mgr/ble_manager.o
 *fill*         0x10011e93        0x1 
 .rodata.CSWTCH.94
                0x10011e94       0x1c src/ASF/thirdparty/wireless/ble_smart_sdk/ble_services/ble_mgr/ble_manager.o
 .rodata        0x10011eb0       0x14 src/BLE.o
 .rodata.CYMOTE_SERVICE_UUID
                0x10011ec4       0x10 src/BLE.o
                0x10011ec4                CYMOTE_SERVICE_UUID
 .rodata.GYRO_UUID
                0x10011ed4       0x10 src/BLE.o
                0x10011ed4                GYRO_UUID
 .rodata.MAGNET_UUID
                0x10011ee4       0x10 src/BLE.o
                0x10011ee4                MAGNET_UUID
 .rodata.str1.1
                0x10011ef4      0x23b src/BLE.o
                                0x23d (size before relaxing)
 .rodata.ACCEL_UUID
                0x1001212f       0x10 src/BLE.o
                0x1001212f                ACCEL_UUID
 .rodata.TIME_UUID
                0x1001213f       0x10 src/BLE.o
                0x1001213f                TIME_UUID
 .rodata.JOYSTICK_BUTTONS_UUID
                0x1001214f       0x10 src/BLE.o
                0x1001214f                JOYSTICK_BUTTONS_UUID
 .rodata.str1.1
                0x1001215f       0xad src/main_sam_b.o
                                 0xb2 (size before relaxing)
 .rodata.cymote_app_gap_cb
                0x1001220c       0x4c src/main_sam_b.o
 .rodata        0x10012258        0xb C:\Senior-Design\Cymote\Cymote2\Cymote2\src\ASF\thirdparty\wireless\ble_smart_sdk\lib\cm0\gcc\libblusdk.a(gap.o)
 .rodata.CSWTCH.45
                0x10012263        0x3 C:\Senior-Design\Cymote\Cymote2\Cymote2\src\ASF\thirdparty\wireless\ble_smart_sdk\lib\cm0\gcc\libblusdk.a(gap.o)
 .rodata.CSWTCH.47
                0x10012266        0xf C:\Senior-Design\Cymote\Cymote2\Cymote2\src\ASF\thirdparty\wireless\ble_smart_sdk\lib\cm0\gcc\libblusdk.a(gap.o)
 .rodata.client_conf_uuid
                0x10012275        0x2 C:\Senior-Design\Cymote\Cymote2\Cymote2\src\ASF\thirdparty\wireless\ble_smart_sdk\lib\cm0\gcc\libblusdk.a(gatt_server.o)
                0x10012275                client_conf_uuid
 .rodata.presentation_format_uuid
                0x10012277        0x2 C:\Senior-Design\Cymote\Cymote2\Cymote2\src\ASF\thirdparty\wireless\ble_smart_sdk\lib\cm0\gcc\libblusdk.a(gatt_server.o)
                0x10012277                presentation_format_uuid
 .rodata.user_desc_uuid
                0x10012279        0x2 C:\Senior-Design\Cymote\Cymote2\Cymote2\src\ASF\thirdparty\wireless\ble_smart_sdk\lib\cm0\gcc\libblusdk.a(gatt_server.o)
                0x10012279                user_desc_uuid
 .rodata.server_conf_uuid
                0x1001227b        0x2 C:\Senior-Design\Cymote\Cymote2\Cymote2\src\ASF\thirdparty\wireless\ble_smart_sdk\lib\cm0\gcc\libblusdk.a(gatt_server.o)
                0x1001227b                server_conf_uuid
 .rodata.extended_props_uuid
                0x1001227d        0x2 C:\Senior-Design\Cymote\Cymote2\Cymote2\src\ASF\thirdparty\wireless\ble_smart_sdk\lib\cm0\gcc\libblusdk.a(gatt_server.o)
                0x1001227d                extended_props_uuid
 .rodata.include_uuid
                0x1001227f        0x2 C:\Senior-Design\Cymote\Cymote2\Cymote2\src\ASF\thirdparty\wireless\ble_smart_sdk\lib\cm0\gcc\libblusdk.a(gatt_server.o)
                0x1001227f                include_uuid
 .rodata.char_uuid
                0x10012281        0x2 C:\Senior-Design\Cymote\Cymote2\Cymote2\src\ASF\thirdparty\wireless\ble_smart_sdk\lib\cm0\gcc\libblusdk.a(gatt_server.o)
                0x10012281                char_uuid
 *fill*         0x10012283        0x1 
 .rodata        0x10012284       0x40 c:/program files (x86)/atmel/studio/7.0/toolchain/arm/arm-gnu-toolchain/bin/../lib/gcc/arm-none-eabi/5.3.1/armv6-m\libgcc.a(muldf3.o)
 .rodata.__sf_fake_stdin
                0x100122c4       0x20 c:/program files (x86)/atmel/studio/7.0/toolchain/arm/arm-gnu-toolchain/bin/../lib/gcc/arm-none-eabi/5.3.1/../../../../arm-none-eabi/lib/armv6-m\libc_nano.a(lib_a-findfp.o)
                0x100122c4                __sf_fake_stdin
 .rodata.__sf_fake_stdout
                0x100122e4       0x20 c:/program files (x86)/atmel/studio/7.0/toolchain/arm/arm-gnu-toolchain/bin/../lib/gcc/arm-none-eabi/5.3.1/../../../../arm-none-eabi/lib/armv6-m\libc_nano.a(lib_a-findfp.o)
                0x100122e4                __sf_fake_stdout
 .rodata.__sf_fake_stderr
                0x10012304       0x20 c:/program files (x86)/atmel/studio/7.0/toolchain/arm/arm-gnu-toolchain/bin/../lib/gcc/arm-none-eabi/5.3.1/../../../../arm-none-eabi/lib/armv6-m\libc_nano.a(lib_a-findfp.o)
                0x10012304                __sf_fake_stderr
 .rodata.str1.1
                0x10012324        0x2 c:/program files (x86)/atmel/studio/7.0/toolchain/arm/arm-gnu-toolchain/bin/../lib/gcc/arm-none-eabi/5.3.1/../../../../arm-none-eabi/lib/armv6-m\libc_nano.a(lib_a-impure.o)
 *fill*         0x10012326        0x2 
 .rodata._global_impure_ptr
                0x10012328        0x4 c:/program files (x86)/atmel/studio/7.0/toolchain/arm/arm-gnu-toolchain/bin/../lib/gcc/arm-none-eabi/5.3.1/../../../../arm-none-eabi/lib/armv6-m\libc_nano.a(lib_a-impure.o)
                0x10012328                _global_impure_ptr
 .rodata.str1.1
                0x1001232c       0x11 c:/program files (x86)/atmel/studio/7.0/toolchain/arm/arm-gnu-toolchain/bin/../lib/gcc/arm-none-eabi/5.3.1/../../../../arm-none-eabi/lib/armv6-m\libc_nano.a(lib_a-nano-svfprintf.o)
 .rodata.str1.1
                0x1001233d       0x11 c:/program files (x86)/atmel/studio/7.0/toolchain/arm/arm-gnu-toolchain/bin/../lib/gcc/arm-none-eabi/5.3.1/../../../../arm-none-eabi/lib/armv6-m\libc_nano.a(lib_a-nano-vfprintf.o)
 .rodata.str1.1
                0x1001233d       0x22 c:/program files (x86)/atmel/studio/7.0/toolchain/arm/arm-gnu-toolchain/bin/../lib/gcc/arm-none-eabi/5.3.1/../../../../arm-none-eabi/lib/armv6-m\libc_nano.a(lib_a-nano-vfprintf_i.o)
 *(.ARM.extab* .gnu.linkonce.armextab.*)
                0x10012360                . = ALIGN (0x4)
 *fill*         0x1001235f        0x1 
 *(.init)
 .init          0x10012360        0x4 c:/program files (x86)/atmel/studio/7.0/toolchain/arm/arm-gnu-toolchain/bin/../lib/gcc/arm-none-eabi/5.3.1/armv6-m/crti.o
                0x10012360                _init
 .init          0x10012364        0x8 c:/program files (x86)/atmel/studio/7.0/toolchain/arm/arm-gnu-toolchain/bin/../lib/gcc/arm-none-eabi/5.3.1/armv6-m/crtn.o
                0x1001236c                . = ALIGN (0x4)
                0x1001236c                __preinit_array_start = .
 *(.preinit_array)
                0x1001236c                __preinit_array_end = .
                0x1001236c                . = ALIGN (0x4)
                0x1001236c                __init_array_start = .
 *(SORT(.init_array.*))
 *(.init_array)
 .init_array    0x1001236c        0x4 c:/program files (x86)/atmel/studio/7.0/toolchain/arm/arm-gnu-toolchain/bin/../lib/gcc/arm-none-eabi/5.3.1/armv6-m/crtbegin.o
                0x10012370                __init_array_end = .
                0x10012370                . = ALIGN (0x4)
 *crtbegin.o(.ctors)
 *(EXCLUDE_FILE(*crtend.o) .ctors)
 *(SORT(.ctors.*))
 *crtend.o(.ctors)
                0x10012370                . = ALIGN (0x4)
 *(.fini)
 .fini          0x10012370        0x4 c:/program files (x86)/atmel/studio/7.0/toolchain/arm/arm-gnu-toolchain/bin/../lib/gcc/arm-none-eabi/5.3.1/armv6-m/crti.o
                0x10012370                _fini
 .fini          0x10012374        0x8 c:/program files (x86)/atmel/studio/7.0/toolchain/arm/arm-gnu-toolchain/bin/../lib/gcc/arm-none-eabi/5.3.1/armv6-m/crtn.o
                0x1001237c                . = ALIGN (0x4)
                0x1001237c                __fini_array_start = .
 *(.fini_array)
 .fini_array    0x1001237c        0x4 c:/program files (x86)/atmel/studio/7.0/toolchain/arm/arm-gnu-toolchain/bin/../lib/gcc/arm-none-eabi/5.3.1/armv6-m/crtbegin.o
 *(SORT(.fini_array.*))
                0x10012380                __fini_array_end = .
 *crtbegin.o(.dtors)
 *(EXCLUDE_FILE(*crtend.o) .dtors)
 *(SORT(.dtors.*))
 *crtend.o(.dtors)
                0x10012380                . = ALIGN (0x4)
                0x10012380                _efixed = .

.vfp11_veneer   0x10012380        0x0
 .vfp11_veneer  0x10012380        0x0 linker stubs

.v4_bx          0x10012380        0x0
 .v4_bx         0x10012380        0x0 linker stubs

.iplt           0x10012380        0x0
 .iplt          0x10012380        0x0 c:/program files (x86)/atmel/studio/7.0/toolchain/arm/arm-gnu-toolchain/bin/../lib/gcc/arm-none-eabi/5.3.1/armv6-m/crtbegin.o

.eh_frame       0x10012380        0x0
 .eh_frame      0x10012380        0x0 c:/program files (x86)/atmel/studio/7.0/toolchain/arm/arm-gnu-toolchain/bin/../lib/gcc/arm-none-eabi/5.3.1/armv6-m/crtbegin.o

.rel.dyn        0x10012380        0x0
 .rel.iplt      0x10012380        0x0 c:/program files (x86)/atmel/studio/7.0/toolchain/arm/arm-gnu-toolchain/bin/../lib/gcc/arm-none-eabi/5.3.1/armv6-m/crtbegin.o

.jcr            0x10012380        0x0
 .jcr           0x10012380        0x0 c:/program files (x86)/atmel/studio/7.0/toolchain/arm/arm-gnu-toolchain/bin/../lib/gcc/arm-none-eabi/5.3.1/armv6-m/crtbegin.o

.igot.plt       0x10012380        0x0
 .igot.plt      0x10012380        0x0 c:/program files (x86)/atmel/studio/7.0/toolchain/arm/arm-gnu-toolchain/bin/../lib/gcc/arm-none-eabi/5.3.1/armv6-m/crtbegin.o
                0x10012380                . = ALIGN (0x4)
                0x10012380                _etext = .

.relocate       0x10012380       0x6c
                0x10012380                . = ALIGN (0x4)
                0x10012380                _srelocate = .
 *(.ramfunc .ramfunc.*)
 *(.data .data.*)
 .data.l2cap_avail_buffers
                0x10012380        0x1 C:\Senior-Design\Cymote\Cymote2\Cymote2\src\ASF\thirdparty\wireless\ble_smart_sdk\lib\cm0\gcc\libblusdk.a(l2cc_task.o)
                0x10012380                l2cap_avail_buffers
 *fill*         0x10012381        0x3 
 .data.dummy_buffer
                0x10012384        0x4 C:\Senior-Design\Cymote\Cymote2\Cymote2\src\ASF\thirdparty\wireless\ble_smart_sdk\lib\cm0\gcc\libblusdk.a(interface.o)
                0x10012384                dummy_buffer
 .data.impure_data
                0x10012388       0x60 c:/program files (x86)/atmel/studio/7.0/toolchain/arm/arm-gnu-toolchain/bin/../lib/gcc/arm-none-eabi/5.3.1/../../../../arm-none-eabi/lib/armv6-m\libc_nano.a(lib_a-impure.o)
 .data._impure_ptr
                0x100123e8        0x4 c:/program files (x86)/atmel/studio/7.0/toolchain/arm/arm-gnu-toolchain/bin/../lib/gcc/arm-none-eabi/5.3.1/../../../../arm-none-eabi/lib/armv6-m\libc_nano.a(lib_a-impure.o)
                0x100123e8                _impure_ptr
                0x100123ec                . = ALIGN (0x4)
                0x100123ec                _erelocate = .

.bss            0x100123f0     0x2f7c
                0x100123f0                . = ALIGN (0x4)
                0x100123f0                _sbss = .
                0x100123f0                _szero = .
 *(.bss .bss.*)
 .bss           0x100123f0       0x1c c:/program files (x86)/atmel/studio/7.0/toolchain/arm/arm-gnu-toolchain/bin/../lib/gcc/arm-none-eabi/5.3.1/armv6-m/crtbegin.o
 .bss.dualtimer_callback_timer1
                0x1001240c        0x4 src/ASF/sam0/drivers/dualtimer/dualtimer.o
 .bss.dualtimer_callback_timer2
                0x10012410        0x4 src/ASF/sam0/drivers/dualtimer/dualtimer.o
 .bss.heap.5286
                0x10012414        0x4 src/ASF/sam0/utils/syscalls/gcc/syscalls.o
 .bss.event_pool_memory
                0x10012418      0x400 src/ASF/thirdparty/wireless/ble_smart_sdk/ble_services/ble_mgr/ble_manager.o
                0x10012418                event_pool_memory
 .bss.att_db_data
                0x10012818      0x4e0 src/ASF/thirdparty/wireless/ble_smart_sdk/ble_services/ble_mgr/ble_manager.o
                0x10012818                att_db_data
 .bss.ble_user_event_cb
                0x10012cf8        0x4 src/ASF/thirdparty/wireless/ble_smart_sdk/ble_services/ble_mgr/ble_manager.o
                0x10012cf8                ble_user_event_cb
 .bss.scan_response_count
                0x10012cfc        0x1 src/ASF/thirdparty/wireless/ble_smart_sdk/ble_services/ble_mgr/ble_manager.o
                0x10012cfc                scan_response_count
 .bss.ble_peripheral_dev_address
                0x10012cfd        0x7 src/ASF/thirdparty/wireless/ble_smart_sdk/ble_services/ble_mgr/ble_manager.o
 .bss.event_params_memory
                0x10012d04     0x1000 src/ASF/thirdparty/wireless/ble_smart_sdk/ble_services/ble_mgr/ble_manager.o
                0x10012d04                event_params_memory
 .bss.ulp_status
                0x10013d04        0x1 src/ASF/thirdparty/wireless/ble_smart_sdk/ble_services/ble_mgr/ble_manager.o
                0x10013d04                ulp_status
 *fill*         0x10013d05        0x3 
 .bss.button_cb_func
                0x10013d08        0x4 src/ASF/thirdparty/wireless/ble_smart_sdk/services/gpio/button.o
                0x10013d08                button_cb_func
 .bss.tick      0x10013d0c        0x4 src/ASF/thirdparty/wireless/ble_smart_sdk/services/uart/console_serial.o
                0x10013d0c                tick
 .bss.read_status
                0x10013d10        0x1 src/ASF/thirdparty/wireless/ble_smart_sdk/services/uart/console_serial.o
                0x10013d10                read_status
 .bss.string_input
                0x10013d11        0x1 src/ASF/thirdparty/wireless/ble_smart_sdk/services/uart/console_serial.o
                0x10013d11                string_input
 *fill*         0x10013d12        0x2 
 .bss.user_callback_func
                0x10013d14        0x4 src/ASF/thirdparty/wireless/ble_smart_sdk/services/uart/console_serial.o
                0x10013d14                user_callback_func
 .bss.platform_event_pending_list
                0x10013d18        0x4 src/ASF/thirdparty/wireless/ble_smart_sdk/src/event_handler.o
 .bss.platform_event_free_list
                0x10013d1c        0x4 src/ASF/thirdparty/wireless/ble_smart_sdk/src/event_handler.o
 .bss.platform_event_pool
                0x10013d20       0x78 src/ASF/thirdparty/wireless/ble_smart_sdk/src/event_handler.o
 .bss.rcv_msg.12903
                0x10013d98        0x4 src/ASF/thirdparty/wireless/ble_smart_sdk/src/platform_drv.o
 .bss.ke_free   0x10013d9c        0x4 src/ASF/thirdparty/wireless/ble_smart_sdk/src/platform_drv.o
 .bss.gapm_get_id_from_task
                0x10013da0        0x4 src/ASF/thirdparty/wireless/ble_smart_sdk/src/platform_drv.o
 .bss.gapm_get_task_from_id
                0x10013da4        0x4 src/ASF/thirdparty/wireless/ble_smart_sdk/src/platform_drv.o
 .bss.os_sem_up
                0x10013da8        0x4 src/ASF/thirdparty/wireless/ble_smart_sdk/src/platform_drv.o
 .bss.pwr_wait_BLE_out_of_reset
                0x10013dac        0x4 src/ASF/thirdparty/wireless/ble_smart_sdk/src/platform_drv.o
 .bss.platform_initialized
                0x10013db0        0x1 src/ASF/thirdparty/wireless/ble_smart_sdk/src/platform_drv.o
                0x10013db0                platform_initialized
 *fill*         0x10013db1        0x3 
 .bss.pwr_disable_arm_wakeup
                0x10013db4        0x4 src/ASF/thirdparty/wireless/ble_smart_sdk/src/platform_drv.o
 .bss.gstrFwSem
                0x10013db8        0x4 src/ASF/thirdparty/wireless/ble_smart_sdk/src/platform_drv.o
 .bss.os_sem_down
                0x10013dbc        0x4 src/ASF/thirdparty/wireless/ble_smart_sdk/src/platform_drv.o
 .bss.pwr_enable_arm_wakeup
                0x10013dc0        0x4 src/ASF/thirdparty/wireless/ble_smart_sdk/src/platform_drv.o
 .bss.NMI_MsgQueueRecv
                0x10013dc4        0x4 src/ASF/thirdparty/wireless/ble_smart_sdk/src/platform_drv.o
 .bss.ke_msg_send
                0x10013dc8        0x4 src/ASF/thirdparty/wireless/ble_smart_sdk/src/platform_drv.o
 .bss.ble_stack_message_handler
                0x10013dcc        0x4 src/ASF/thirdparty/wireless/ble_smart_sdk/src/platform_drv.o
 .bss.pwr_arm_wakeup_req
                0x10013dd0        0x4 src/ASF/thirdparty/wireless/ble_smart_sdk/src/platform_drv.o
 .bss.ke_msg_hdr.12904
                0x10013dd4        0x4 src/ASF/thirdparty/wireless/ble_smart_sdk/src/platform_drv.o
 .bss.ke_msg_alloc
                0x10013dd8        0x4 src/ASF/thirdparty/wireless/ble_smart_sdk/src/platform_drv.o
 .bss.InternalAppMsgQHandle
                0x10013ddc        0x4 src/ASF/thirdparty/wireless/ble_smart_sdk/src/platform_drv.o
 .bss.time_ms   0x10013de0        0x8 src/main_sam_b.o
                0x10013de0                time_ms
 .bss.spare_event
                0x10013de8       0x10 C:\Senior-Design\Cymote\Cymote2\Cymote2\src\ASF\thirdparty\wireless\ble_smart_sdk\lib\cm0\gcc\libblusdk.a(event.o)
 .bss.spare_event_busy
                0x10013df8        0x1 C:\Senior-Design\Cymote\Cymote2\Cymote2\src\ASF\thirdparty\wireless\ble_smart_sdk\lib\cm0\gcc\libblusdk.a(event.o)
 *fill*         0x10013df9        0x3 
 .bss.event_pending_list
                0x10013dfc        0x4 C:\Senior-Design\Cymote\Cymote2\Cymote2\src\ASF\thirdparty\wireless\ble_smart_sdk\lib\cm0\gcc\libblusdk.a(event.o)
 .bss.event_free_list
                0x10013e00        0x4 C:\Senior-Design\Cymote\Cymote2\Cymote2\src\ASF\thirdparty\wireless\ble_smart_sdk\lib\cm0\gcc\libblusdk.a(event.o)
 .bss.u16GattcSeqNo
                0x10013e04        0x2 C:\Senior-Design\Cymote\Cymote2\Cymote2\src\ASF\thirdparty\wireless\ble_smart_sdk\lib\cm0\gcc\libblusdk.a(gatt_client.o)
 *fill*         0x10013e06        0x2 
 .bss.pu8valuesBuffer
                0x10013e08        0x4 C:\Senior-Design\Cymote\Cymote2\Cymote2\src\ASF\thirdparty\wireless\ble_smart_sdk\lib\cm0\gcc\libblusdk.a(gatt_server.o)
                0x10013e08                pu8valuesBuffer
 .bss.unNull    0x10013e0c        0x1 C:\Senior-Design\Cymote\Cymote2\Cymote2\src\ASF\thirdparty\wireless\ble_smart_sdk\lib\cm0\gcc\libblusdk.a(gatt_server.o)
                0x10013e0c                unNull
 *fill*         0x10013e0d        0x3 
 .bss.ptstrattDb
                0x10013e10        0x4 C:\Senior-Design\Cymote\Cymote2\Cymote2\src\ASF\thirdparty\wireless\ble_smart_sdk\lib\cm0\gcc\libblusdk.a(gatt_server.o)
                0x10013e10                ptstrattDb
 .bss.pu8valuesBufferEnd
                0x10013e14        0x4 C:\Senior-Design\Cymote\Cymote2\Cymote2\src\ASF\thirdparty\wireless\ble_smart_sdk\lib\cm0\gcc\libblusdk.a(gatt_server.o)
                0x10013e14                pu8valuesBufferEnd
 .bss.u32numberOfValues
                0x10013e18        0x4 C:\Senior-Design\Cymote\Cymote2\Cymote2\src\ASF\thirdparty\wireless\ble_smart_sdk\lib\cm0\gcc\libblusdk.a(gatt_server.o)